#1 [internal] load local bake definitions
#1 reading from stdin 608B done
#1 DONE 0.0s

#2 [internal] load build definition from Dockerfile
#2 transferring dockerfile: 498B 0.0s done
#2 DONE 0.1s

#3 [internal] load metadata for docker.io/library/gradle:8-jdk17
#3 DONE 1.8s

#4 [internal] load metadata for docker.io/library/eclipse-temurin:17-jre-alpine
#4 DONE 1.8s

#5 [stage-1 1/3] FROM docker.io/library/eclipse-temurin:17-jre-alpine@sha256:b0ae54a36f82e04dc6c45e40ca5c55762e20b9a0858ee457faf557d440a9b571
#5 resolve docker.io/library/eclipse-temurin:17-jre-alpine@sha256:b0ae54a36f82e04dc6c45e40ca5c55762e20b9a0858ee457faf557d440a9b571 0.1s done
#5 DONE 0.1s

#6 [builder 1/5] FROM docker.io/library/gradle:8-jdk17@sha256:8a814e7f3e2d8a368b24c9971a3d6054d689a0f4cbf998a03af31cb50fd5753e
#6 resolve docker.io/library/gradle:8-jdk17@sha256:8a814e7f3e2d8a368b24c9971a3d6054d689a0f4cbf998a03af31cb50fd5753e 0.1s done
#6 DONE 0.1s

#7 [internal] load .dockerignore
#7 transferring context: 76B 0.0s done
#7 DONE 0.0s

#8 [internal] load build context
#8 transferring context: 56.17kB 0.4s done
#8 DONE 0.4s

#9 [builder 4/5] RUN apt-get update && apt-get install -y ca-certificates && rm -rf /var/lib/apt/lists/*
#9 CACHED

#10 [builder 5/5] RUN gradle clean build -x test --no-daemon
#10 1.555 To honour the JVM settings for this build a single-use Daemon process will be forked. For more on this, please refer to https://docs.gradle.org/8.14.5/userguide/gradle_daemon.html#sec:disabling_the_daemon in the Gradle documentation.
#10 3.154 Daemon will be stopped at the end of the build 
#10 179.7 > Task :clean UP-TO-DATE
#10 209.5 > Task :compileJava
#10 259.3 > Task :processResources
#10 259.3 > Task :classes
#10 259.3 > Task :resolveMainClassName
#10 277.0 > Task :bootJar
#10 277.0 > Task :jar
#10 277.0 > Task :assemble
#10 277.0 > Task :check
#10 277.0 > Task :build
#10 277.1 
#10 277.1 BUILD SUCCESSFUL in 4m 36s
#10 277.1 6 actionable tasks: 5 executed, 1 up-to-date
#10 DONE 282.0s

#11 [stage-1 2/3] WORKDIR /app
#11 CACHED

#12 [builder 2/5] WORKDIR /app
#12 CACHED

#13 [builder 3/5] COPY . .
#13 CACHED

#14 [builder 4/5] RUN apt-get update && apt-get install -y ca-certificates && rm -rf /var/lib/apt/lists/*
#14 CACHED

#15 [builder 5/5] RUN gradle clean build -x test --no-daemon
#15 CACHED

#16 [stage-1 3/3] COPY --from=builder /app/build/libs/*.jar app.jar
#16 CANCELED

#11 [stage-1 2/3] WORKDIR /app
#11 CACHED

#17 [stage-1 3/3] COPY --from=builder /app/build/libs/*.jar app.jar
#17 DONE 3.8s

#18 exporting to image
#18 exporting layers
#18 exporting layers 9.5s done
#18 exporting manifest sha256:eca4dbf33a65c9bec4cc6b032785cdf4c598a14672e7b6971967e267a492426f
#18 exporting manifest sha256:eca4dbf33a65c9bec4cc6b032785cdf4c598a14672e7b6971967e267a492426f 0.2s done
#18 exporting config sha256:e264739becf2157a05aaba80b27952d2f89919749b85d1748e30a15959c9a0a5
#18 exporting config sha256:e264739becf2157a05aaba80b27952d2f89919749b85d1748e30a15959c9a0a5 0.1s done
#18 exporting attestation manifest sha256:972e8bc7c3e34d96cd05968189d2fb8b52eb930f1b50a6115bb7fb988bdee1b7
#18 exporting attestation manifest sha256:972e8bc7c3e34d96cd05968189d2fb8b52eb930f1b50a6115bb7fb988bdee1b7 0.3s done
#18 exporting manifest list sha256:46026f3247cbd725d34e1cc3ffb3338257edb14f23962709c5cd41420714ef89
#18 exporting manifest list sha256:46026f3247cbd725d34e1cc3ffb3338257edb14f23962709c5cd41420714ef89 0.2s done
#18 naming to docker.io/library/rvce-resource-allocator-backend:latest
#18 naming to docker.io/library/rvce-resource-allocator-backend:latest 0.0s done
#18 unpacking to docker.io/library/rvce-resource-allocator-backend:latest
#18 unpacking to docker.io/library/rvce-resource-allocator-backend:latest 4.6s done
#18 DONE 16.2s

#19 resolving provenance for metadata file
#19 DONE 0.2s
 rvce-resource-allocator-backend  Built
 Network rvce-resource-allocator_default  Creating
 Network rvce-resource-allocator_default  Error
 Container rvce-resource-allocator-redis-1  Creating
 Container rvce-resource-allocator-postgres-1  Creating
 Container rvce-resource-allocator-redis-1  Error response from daemon: Conflict. The container name "/rvce-resource-allocator-redis-1" is already in use by container "8f12b4289c079f5ff6dc5643f60b83049de628db212d36af69853a1957db19c1". You have to remove (or rename) that container to be able to reuse that name.
Error response from daemon: Conflict. The container name "/rvce-resource-allocator-redis-1" is already in use by container "8f12b4289c079f5ff6dc5643f60b83049de628db212d36af69853a1957db19c1". You have to remove (or rename) that container to be able to reuse that name.
