========== New Cold Start Attempt (2026-08-26T15:13:57.6941193+00:00) ==========
2026-08-26T15:13:57.6941193+00:00 ContainerStatus: State: Starting, Action: EstablishingSiteNetworks, LastError: ContainerStartupFailure, LastErrorTimestamp: 08/26/2026 14:28:00, LastErrorDetails: Container exited with exit code 1 during startup after 148.0s. Please inspect your container logs for more details., Details: Site stopped at 08/26/2026 14:28:02 (UTC), DetailsLevel: ERR
2026-08-26T15:14:00.7709509+00:00 ContainerStatus: State: Starting, Action: StartingMsiContainer, LastError: ContainerStartupFailure, LastErrorTimestamp: 08/26/2026 14:28:00, LastErrorDetails: Container exited with exit code 1 during startup after 148.0s. Please inspect your container logs for more details., Details: Site stopped at 08/26/2026 14:28:02 (UTC), DetailsLevel: ERR
2026-08-26T15:14:17.9686796+00:00 ContainerStatus: State: Starting, Action: StartingSiteContainers, LastError: ContainerStartupFailure, LastErrorTimestamp: 08/26/2026 14:28:00, LastErrorDetails: Container exited with exit code 1 during startup after 148.0s. Please inspect your container logs for more details., Details: Site stopped at 08/26/2026 14:28:02 (UTC), DetailsLevel: ERR
2026-08-26T15:14:17.9696236+00:00 ContainerStatus: Container start method called.
2026-08-26T15:14:17.9762514+00:00 ContainerStatus: State: Starting, Action: PullingImage, LastError: ContainerStartupFailure, LastErrorTimestamp: 08/26/2026 14:28:00, LastErrorDetails: Container exited with exit code 1 during startup after 148.0s. Please inspect your container logs for more details., Details: Pulling image scasacr2026rvce.azurecr.io/scas-backend:demo-no-smtp-fallback-20260826145207 for scas-backend-2026-rvce., DetailsLevel: INFO
2026-08-26T15:14:17.9765940+00:00 ContainerStatus: Establishing network.
2026-08-26T15:14:17.9767067+00:00 ContainerStatus: Pulling image: scasacr2026rvce.azurecr.io/scas-backend:demo-no-smtp-fallback-20260826145207.
2026-08-26T15:14:24.8529968+00:00 ContainerStatus: Image scasacr2026rvce.azurecr.io/scas-backend:demo-no-smtp-fallback-20260826145207 is pulled from registry scasacr2026rvce.azurecr.io
2026-08-26T15:14:24.8533023+00:00 ContainerStatus: Container is starting.
2026-08-26T15:14:24.8543876+00:00 ContainerStatus: State: Starting, Action: MountingVolumes, LastError: ContainerStartupFailure, LastErrorTimestamp: 08/26/2026 14:28:00, LastErrorDetails: Container exited with exit code 1 during startup after 148.0s. Please inspect your container logs for more details., Details: Mounting volumes for scas-backend-2026-rvce., DetailsLevel: INFO
2026-08-26T15:14:24.8545266+00:00 ContainerStatus: Establishing user namespace if not established already.
2026-08-26T15:14:24.8548418+00:00 ContainerStatus: Establishing network if not established already.
2026-08-26T15:14:24.8550193+00:00 ContainerStatus: Mounting volumes.
2026-08-26T15:14:24.8551697+00:00 ContainerStatus: Nested mountpoint volatile/logs
2026-08-26T15:14:24.8831683+00:00 ContainerStatus: Nested mountpoint 
2026-08-26T15:14:24.9299575+00:00 ContainerStatus: Nested mountpoint 
2026-08-26T15:14:25.1406072+00:00 ContainerStatus: State: Starting, Action: CreatingContainer, LastError: ContainerStartupFailure, LastErrorTimestamp: 08/26/2026 14:28:00, LastErrorDetails: Container exited with exit code 1 during startup after 148.0s. Please inspect your container logs for more details., Details: Finished pulling container image and mounting volumes for scas-backend-2026-rvce. Allocatinng the rest of the container resources to finish container creation., DetailsLevel: INFO
2026-08-26T15:14:25.1414138+00:00 ContainerStatus: Creating container.
2026-08-26T15:14:25.1424547+00:00 ContainerStatus: Creating pipes for streaming container io.
2026-08-26T15:14:25.1490254+00:00 ContainerStatus: Creating stdout named pipe at /podr/container/pipe/23b8b500deb4_scas-backend-2026-rvce/stdout_d32cd985e01b4686b9fac658cc553f08.
2026-08-26T15:14:25.1830401+00:00 ContainerStatus: Successfully created stdout named pipe at: /podr/container/pipe/23b8b500deb4_scas-backend-2026-rvce/stdout_d32cd985e01b4686b9fac658cc553f08.
2026-08-26T15:14:25.1834480+00:00 ContainerStatus: Opening named pipe /podr/container/pipe/23b8b500deb4_scas-backend-2026-rvce/stdout_d32cd985e01b4686b9fac658cc553f08 for reading in non-blocking mode.
2026-08-26T15:14:25.1856269+00:00 ContainerStatus: Successfully opened named pipe: /podr/container/pipe/23b8b500deb4_scas-backend-2026-rvce/stdout_d32cd985e01b4686b9fac658cc553f08.
2026-08-26T15:14:25.1857028+00:00 ContainerStatus: Successfully removed non-blocking flag from /podr/container/pipe/23b8b500deb4_scas-backend-2026-rvce/stdout_d32cd985e01b4686b9fac658cc553f08.
2026-08-26T15:14:25.1858136+00:00 ContainerStatus: Creating stderr named pipe at /podr/container/pipe/23b8b500deb4_scas-backend-2026-rvce/stderr_1ed4ec82c551408d90e56dc1d70257cd.
2026-08-26T15:14:25.1859694+00:00 ContainerStatus: Successfully created stderr named pipe at: /podr/container/pipe/23b8b500deb4_scas-backend-2026-rvce/stderr_1ed4ec82c551408d90e56dc1d70257cd.
2026-08-26T15:14:25.1860203+00:00 ContainerStatus: Opening named pipe /podr/container/pipe/23b8b500deb4_scas-backend-2026-rvce/stderr_1ed4ec82c551408d90e56dc1d70257cd for reading in non-blocking mode.
2026-08-26T15:14:25.1860979+00:00 ContainerStatus: Successfully opened named pipe: /podr/container/pipe/23b8b500deb4_scas-backend-2026-rvce/stderr_1ed4ec82c551408d90e56dc1d70257cd.
2026-08-26T15:14:25.1861506+00:00 ContainerStatus: Successfully removed non-blocking flag from /podr/container/pipe/23b8b500deb4_scas-backend-2026-rvce/stderr_1ed4ec82c551408d90e56dc1d70257cd.
2026-08-26T15:14:25.1862396+00:00 ContainerStatus: Creating container with image: scasacr2026rvce.azurecr.io/scas-backend:demo-no-smtp-fallback-20260826145207 from registry: scasacr2026rvce.azurecr.io and fully qualified image name: scasacr2026rvce.azurecr.io/scas-backend:demo-no-smtp-fallback-20260826145207
2026-08-26T15:14:25.6100112+00:00 ContainerStatus: Container get mounts received unexpected exception.
2026-08-26T15:14:25.7159736+00:00 ContainerStatus: Container get processes received unexpected exception.
2026-08-26T15:14:26.0549913+00:00 ContainerStatus: Starting container: 23b8b500deb4_scas-backend-2026-rvce.
2026-08-26T15:14:26.1509889+00:00 ContainerStatus: Starting watchers and probes.
2026-08-26T15:14:26.1581539+00:00 ContainerStatus: Starting metrics collection.
2026-08-26T15:14:26.1609735+00:00 ContainerStatus: Container is running.
2026-08-26T15:14:26.1790169+00:00 ContainerStatus: State: Starting, Action: CreatingContainer, LastError: ContainerStartupFailure, LastErrorTimestamp: 08/26/2026 14:28:00, LastErrorDetails: Container exited with exit code 1 during startup after 148.0s. Please inspect your container logs for more details., Details: Container scas-backend-2026-rvce successfully created and is running., DetailsLevel: INFO
2026-08-26T15:14:26.2813304+00:00 ContainerStatus: Container start method finished after 8311 ms.
2026-08-26T15:14:26.2814815+00:00 ContainerStatus: State: Starting, Action: InitiatingSiteWarmUpProbe, LastError: ContainerStartupFailure, LastErrorTimestamp: 08/26/2026 14:28:00, LastErrorDetails: Container exited with exit code 1 during startup after 148.0s. Please inspect your container logs for more details., Details: Container scas-backend-2026-rvce successfully created and is running., DetailsLevel: INFO
2026-08-26T15:14:26.3114091+00:00 ContainerStatus: State: Starting, Action: WaitingForSiteWarmUpProbeSuccess, LastError: ContainerStartupFailure, LastErrorTimestamp: 08/26/2026 14:28:00, LastErrorDetails: Container exited with exit code 1 during startup after 148.0s. Please inspect your container logs for more details., Details: Pinging warmup path to ensure container is ready to receive requests., DetailsLevel: INFO
2026-08-26T15:14:39.7352254+00:00 ContainerStream: 
2026-08-26T15:14:39.7362516+00:00 ContainerStream:   .   ____          _            __ _ _
2026-08-26T15:14:39.7362621+00:00 ContainerStream:  /\\ / ___'_ __ _ _(_)_ __  __ _ \ \ \ \
2026-08-26T15:14:39.7362652+00:00 ContainerStream: ( ( )\___ | '_ | '_| | '_ \/ _` | \ \ \ \
2026-08-26T15:14:39.7362679+00:00 ContainerStream:  \\/  ___)| |_)| | | | | || (_| |  ) ) ) )
2026-08-26T15:14:39.7362711+00:00 ContainerStream:   '  |____| .__|_| |_|_| |_\__, | / / / /
2026-08-26T15:14:39.7362772+00:00 ContainerStream:  =========|_|==============|___/=/_/_/_/
2026-08-26T15:14:39.7362797+00:00 ContainerStream: 
2026-08-26T15:14:39.7362823+00:00 ContainerStream:  :: Spring Boot ::               (v3.5.13)
2026-08-26T15:14:39.7362848+00:00 ContainerStream: 
2026-08-26T15:14:40.6821996+00:00 ContainerStream: 2026-08-26T15:14:40.668Z  INFO 1 --- [           main] com.rvce.scas.ScasApplication            : Starting ScasApplication v0.0.1-SNAPSHOT using Java 17.0.20 with PID 1 (/app/app.jar started by root in /app)
2026-08-26T15:14:40.6899016+00:00 ContainerStream: 2026-08-26T15:14:40.689Z  INFO 1 --- [           main] com.rvce.scas.ScasApplication            : The following 1 profile is active: "prod"
2026-08-26T15:14:57.6542770+00:00 ContainerStream: 2026-08-26T15:14:57.653Z  INFO 1 --- [           main] .s.d.r.c.RepositoryConfigurationDelegate : Multiple Spring Data modules found, entering strict repository configuration mode
2026-08-26T15:14:57.6850618+00:00 ContainerStream: 2026-08-26T15:14:57.683Z  INFO 1 --- [           main] .s.d.r.c.RepositoryConfigurationDelegate : Bootstrapping Spring Data JPA repositories in DEFAULT mode.
2026-08-26T15:14:59.7128981+00:00 ContainerStream: 2026-08-26T15:14:59.712Z  INFO 1 --- [           main] .s.d.r.c.RepositoryConfigurationDelegate : Finished Spring Data repository scanning in 1911 ms. Found 12 JPA repository interfaces.
2026-08-26T15:14:59.9520003+00:00 ContainerStream: 2026-08-26T15:14:59.951Z  INFO 1 --- [           main] .s.d.r.c.RepositoryConfigurationDelegate : Multiple Spring Data modules found, entering strict repository configuration mode
2026-08-26T15:14:59.9703744+00:00 ContainerStream: 2026-08-26T15:14:59.970Z  INFO 1 --- [           main] .s.d.r.c.RepositoryConfigurationDelegate : Bootstrapping Spring Data Redis repositories in DEFAULT mode.
2026-08-26T15:15:00.1299446+00:00 ContainerStream: 2026-08-26T15:15:00.129Z  INFO 1 --- [           main] .RepositoryConfigurationExtensionSupport : Spring Data Redis - Could not safely identify store assignment for repository candidate interface com.rvce.scas.repository.DepartmentRepository; If you want this repository to be a Redis repository, consider annotating your entities with one of these annotations: org.springframework.data.redis.core.RedisHash (preferred), or consider extending one of the following types with your repository: org.springframework.data.keyvalue.repository.KeyValueRepository
2026-08-26T15:15:00.1760707+00:00 ContainerStream: 2026-08-26T15:15:00.175Z  INFO 1 --- [           main] .RepositoryConfigurationExtensionSupport : Spring Data Redis - Could not safely identify store assignment for repository candidate interface com.rvce.scas.repository.ExamHallRepository; If you want this repository to be a Redis repository, consider annotating your entities with one of these annotations: org.springframework.data.redis.core.RedisHash (preferred), or consider extending one of the following types with your repository: org.springframework.data.keyvalue.repository.KeyValueRepository
2026-08-26T15:15:00.1781450+00:00 ContainerStream: 2026-08-26T15:15:00.177Z  INFO 1 --- [           main] .RepositoryConfigurationExtensionSupport : Spring Data Redis - Could not safely identify store assignment for repository candidate interface com.rvce.scas.repository.ExamSeatRepository; If you want this repository to be a Redis repository, consider annotating your entities with one of these annotations: org.springframework.data.redis.core.RedisHash (preferred), or consider extending one of the following types with your repository: org.springframework.data.keyvalue.repository.KeyValueRepository
2026-08-26T15:15:00.1901067+00:00 ContainerStream: 2026-08-26T15:15:00.189Z  INFO 1 --- [           main] .RepositoryConfigurationExtensionSupport : Spring Data Redis - Could not safely identify store assignment for repository candidate interface com.rvce.scas.repository.ExamSessionRepository; If you want this repository to be a Redis repository, consider annotating your entities with one of these annotations: org.springframework.data.redis.core.RedisHash (preferred), or consider extending one of the following types with your repository: org.springframework.data.keyvalue.repository.KeyValueRepository
2026-08-26T15:15:00.1970952+00:00 ContainerStream: 2026-08-26T15:15:00.195Z  INFO 1 --- [           main] .RepositoryConfigurationExtensionSupport : Spring Data Redis - Could not safely identify store assignment for repository candidate interface com.rvce.scas.repository.ExamStudentRepository; If you want this repository to be a Redis repository, consider annotating your entities with one of these annotations: org.springframework.data.redis.core.RedisHash (preferred), or consider extending one of the following types with your repository: org.springframework.data.keyvalue.repository.KeyValueRepository
2026-08-26T15:15:00.2141117+00:00 ContainerStream: 2026-08-26T15:15:00.204Z  INFO 1 --- [           main] .RepositoryConfigurationExtensionSupport : Spring Data Redis - Could not safely identify store assignment for repository candidate interface com.rvce.scas.repository.NotificationRepository; If you want this repository to be a Redis repository, consider annotating your entities with one of these annotations: org.springframework.data.redis.core.RedisHash (preferred), or consider extending one of the following types with your repository: org.springframework.data.keyvalue.repository.KeyValueRepository
2026-08-26T15:15:00.2141288+00:00 ContainerStream: 2026-08-26T15:15:00.205Z  INFO 1 --- [           main] .RepositoryConfigurationExtensionSupport : Spring Data Redis - Could not safely identify store assignment for repository candidate interface com.rvce.scas.repository.PasswordResetTokenRepository; If you want this repository to be a Redis repository, consider annotating your entities with one of these annotations: org.springframework.data.redis.core.RedisHash (preferred), or consider extending one of the following types with your repository: org.springframework.data.keyvalue.repository.KeyValueRepository
2026-08-26T15:15:00.2141374+00:00 ContainerStream: 2026-08-26T15:15:00.205Z  INFO 1 --- [           main] .RepositoryConfigurationExtensionSupport : Spring Data Redis - Could not safely identify store assignment for repository candidate interface com.rvce.scas.repository.RoleRepository; If you want this repository to be a Redis repository, consider annotating your entities with one of these annotations: org.springframework.data.redis.core.RedisHash (preferred), or consider extending one of the following types with your repository: org.springframework.data.keyvalue.repository.KeyValueRepository
2026-08-26T15:15:00.2141426+00:00 ContainerStream: 2026-08-26T15:15:00.206Z  INFO 1 --- [           main] .RepositoryConfigurationExtensionSupport : Spring Data Redis - Could not safely identify store assignment for repository candidate interface com.rvce.scas.repository.RoomRepository; If you want this repository to be a Redis repository, consider annotating your entities with one of these annotations: org.springframework.data.redis.core.RedisHash (preferred), or consider extending one of the following types with your repository: org.springframework.data.keyvalue.repository.KeyValueRepository
2026-08-26T15:15:00.2141481+00:00 ContainerStream: 2026-08-26T15:15:00.206Z  INFO 1 --- [           main] .RepositoryConfigurationExtensionSupport : Spring Data Redis - Could not safely identify store assignment for repository candidate interface com.rvce.scas.repository.TimetableSlotRepository; If you want this repository to be a Redis repository, consider annotating your entities with one of these annotations: org.springframework.data.redis.core.RedisHash (preferred), or consider extending one of the following types with your repository: org.springframework.data.keyvalue.repository.KeyValueRepository
2026-08-26T15:15:00.2175774+00:00 ContainerStream: 2026-08-26T15:15:00.217Z  INFO 1 --- [           main] .RepositoryConfigurationExtensionSupport : Spring Data Redis - Could not safely identify store assignment for repository candidate interface com.rvce.scas.repository.UserRepository; If you want this repository to be a Redis repository, consider annotating your entities with one of these annotations: org.springframework.data.redis.core.RedisHash (preferred), or consider extending one of the following types with your repository: org.springframework.data.keyvalue.repository.KeyValueRepository
2026-08-26T15:15:00.2254583+00:00 ContainerStream: 2026-08-26T15:15:00.225Z  INFO 1 --- [           main] .RepositoryConfigurationExtensionSupport : Spring Data Redis - Could not safely identify store assignment for repository candidate interface com.rvce.scas.repository.UserRoleRepository; If you want this repository to be a Redis repository, consider annotating your entities with one of these annotations: org.springframework.data.redis.core.RedisHash (preferred), or consider extending one of the following types with your repository: org.springframework.data.keyvalue.repository.KeyValueRepository
2026-08-26T15:15:00.2267616+00:00 ContainerStream: 2026-08-26T15:15:00.226Z  INFO 1 --- [           main] .s.d.r.c.RepositoryConfigurationDelegate : Finished Spring Data repository scanning in 147 ms. Found 0 Redis repository interfaces.
2026-08-26T15:15:08.9656782+00:00 ContainerStream: 2026-08-26T15:15:08.965Z  INFO 1 --- [           main] o.s.b.w.embedded.tomcat.TomcatWebServer  : Tomcat initialized with port 8080 (http)
2026-08-26T15:15:09.1491280+00:00 ContainerStream: 2026-08-26T15:15:09.135Z  INFO 1 --- [           main] o.apache.catalina.core.StandardService   : Starting service [Tomcat]
2026-08-26T15:15:09.1522416+00:00 ContainerStream: 2026-08-26T15:15:09.151Z  INFO 1 --- [           main] o.apache.catalina.core.StandardEngine    : Starting Servlet engine: [Apache Tomcat/10.1.53]
2026-08-26T15:15:10.5478212+00:00 ContainerStream: 2026-08-26T15:15:10.547Z  INFO 1 --- [           main] o.a.c.c.C.[Tomcat].[localhost].[/]       : Initializing Spring embedded WebApplicationContext
2026-08-26T15:15:10.5589977+00:00 ContainerStream: 2026-08-26T15:15:10.558Z  INFO 1 --- [           main] w.s.c.ServletWebServerApplicationContext : Root WebApplicationContext: initialization completed in 29455 ms
2026-08-26T15:15:30.1710604+00:00 ContainerStream: 2026-08-26T15:15:30.144Z  INFO 1 --- [           main] com.zaxxer.hikari.HikariDataSource       : HikariPool-1 - Starting...
2026-08-26T15:15:33.5943536+00:00 ContainerStream: 2026-08-26T15:15:33.593Z  INFO 1 --- [           main] com.zaxxer.hikari.pool.HikariPool        : HikariPool-1 - Added connection org.postgresql.jdbc.PgConnection@7f958d4a
2026-08-26T15:15:33.6239321+00:00 ContainerStream: 2026-08-26T15:15:33.623Z  INFO 1 --- [           main] com.zaxxer.hikari.HikariDataSource       : HikariPool-1 - Start completed.
2026-08-26T15:15:34.0974603+00:00 ContainerStream: 2026-08-26T15:15:34.096Z  INFO 1 --- [           main] org.flywaydb.core.FlywayExecutor         : Database: jdbc:postgresql://scas-postgres-k23.postgres.database.azure.com:5432/scasdb?sslmode=require (PostgreSQL 16.14)
2026-08-26T15:15:35.3906791+00:00 ContainerStream: 2026-08-26T15:15:35.390Z  INFO 1 --- [           main] o.f.core.internal.command.DbMigrate      : Current version of schema "public": 28
2026-08-26T15:15:35.4813144+00:00 ContainerStream: 2026-08-26T15:15:35.467Z  INFO 1 --- [           main] o.f.core.internal.command.DbMigrate      : Schema "public" is up to date. No migration necessary.
2026-08-26T15:15:36.6799024+00:00 ContainerStream: 2026-08-26T15:15:36.664Z  INFO 1 --- [           main] o.hibernate.jpa.internal.util.LogHelper  : HHH000204: Processing PersistenceUnitInfo [name: default]
2026-08-26T15:15:37.4376717+00:00 ContainerStream: 2026-08-26T15:15:37.434Z  INFO 1 --- [           main] org.hibernate.Version                    : HHH000412: Hibernate ORM core version 6.6.45.Final
2026-08-26T15:15:37.8231777+00:00 ContainerStream: 2026-08-26T15:15:37.821Z  INFO 1 --- [           main] o.h.c.internal.RegionFactoryInitiator    : HHH000026: Second-level cache disabled
2026-08-26T15:15:41.5733337+00:00 ContainerStream: 2026-08-26T15:15:41.562Z  INFO 1 --- [           main] o.s.o.j.p.SpringPersistenceUnitInfo      : No LoadTimeWeaver setup: ignoring JPA class transformer
2026-08-26T15:15:42.5813211+00:00 ContainerStream: 2026-08-26T15:15:42.580Z  WARN 1 --- [           main] org.hibernate.orm.deprecation            : HHH90000025: PostgreSQLDialect does not need to be specified explicitly using 'hibernate.dialect' (remove the property setting and it will be selected by default)
2026-08-26T15:15:42.7661961+00:00 ContainerStream: 2026-08-26T15:15:42.765Z  INFO 1 --- [           main] org.hibernate.orm.connections.pooling    : HHH10001005: Database info:
2026-08-26T15:15:42.7662462+00:00 ContainerStream: 	Database JDBC URL [Connecting through datasource 'HikariDataSource (HikariPool-1)']
2026-08-26T15:15:42.7662506+00:00 ContainerStream: 	Database driver: undefined/unknown
2026-08-26T15:15:42.7662529+00:00 ContainerStream: 	Database version: 16.14
2026-08-26T15:15:42.7662559+00:00 ContainerStream: 	Autocommit mode: undefined/unknown
2026-08-26T15:15:42.7662589+00:00 ContainerStream: 	Isolation level: undefined/unknown
2026-08-26T15:15:42.7662653+00:00 ContainerStream: 	Minimum pool size: undefined/unknown
2026-08-26T15:15:42.7662678+00:00 ContainerStream: 	Maximum pool size: undefined/unknown
2026-08-26T15:16:00.5390632+00:00 ContainerStream: 2026-08-26T15:16:00.538Z  INFO 1 --- [           main] o.h.e.t.j.p.i.JtaPlatformInitiator       : HHH000489: No JTA platform available (set 'hibernate.transaction.jta.platform' to enable JTA platform integration)
2026-08-26T15:16:01.0286189+00:00 ContainerStream: 2026-08-26T15:16:01.028Z  INFO 1 --- [           main] j.LocalContainerEntityManagerFactoryBean : Initialized JPA EntityManagerFactory for persistence unit 'default'
2026-08-26T15:16:07.7984955+00:00 ContainerStream: 2026-08-26T15:16:07.797Z  INFO 1 --- [           main] o.s.d.j.r.query.QueryEnhancerFactory     : Hibernate is in classpath; If applicable, HQL parser will be used.
2026-08-26T15:16:16.9532931+00:00 ContainerStream: 2026-08-26T15:16:16.952Z  INFO 1 --- [           main] eAuthenticationProviderManagerConfigurer : Global AuthenticationManager configured with AuthenticationProvider bean with name authenticationProvider
2026-08-26T15:16:16.9890288+00:00 ContainerStream: 2026-08-26T15:16:16.983Z  WARN 1 --- [           main] r$InitializeUserDetailsManagerConfigurer : Global AuthenticationManager configured with an AuthenticationProvider bean. UserDetailsService beans will not be used by Spring Security for automatically configuring username/password login. Consider removing the AuthenticationProvider bean. Alternatively, consider using the UserDetailsService in a manually instantiated DaoAuthenticationProvider. If the current configuration is intentional, to turn off this warning, increase the logging level of 'org.springframework.security.config.annotation.authentication.configuration.InitializeUserDetailsBeanManagerConfigurer' to ERROR
2026-08-26T15:16:27.6448130+00:00 ContainerStream: 2026-08-26T15:16:27.644Z  INFO 1 --- [           main] com.rvce.scas.security.EncryptionUtil    : EncryptionUtil initialized
2026-08-26T15:16:32.6332475+00:00 ContainerStream: 2026-08-26T15:16:32.632Z  INFO 1 --- [           main] o.s.b.a.e.web.EndpointLinksResolver      : Exposing 1 endpoint beneath base path '/actuator'
2026-08-26T15:16:41.2396478+00:00 ContainerStream: 2026-08-26T15:16:41.222Z  INFO 1 --- [           main] o.s.b.w.embedded.tomcat.TomcatWebServer  : Tomcat started on port 8080 (http) with context path '/'
2026-08-26T15:16:41.4896637+00:00 ContainerStream: 2026-08-26T15:16:41.489Z  INFO 1 --- [           main] com.rvce.scas.ScasApplication            : Started ScasApplication in 127.569 seconds (process running for 135.043)
2026-08-26T15:16:42.6161179+00:00 ContainerStream: 2026-08-26T15:16:42.615Z  INFO 1 --- [           main] com.rvce.scas.ScasApplication            : Active profiles: prod
2026-08-26T15:16:42.6271442+00:00 ContainerStream: 2026-08-26T15:16:42.624Z  INFO 1 --- [           main] com.rvce.scas.ScasApplication            : spring.redis.host => null
2026-08-26T15:16:42.6342782+00:00 ContainerStream: 2026-08-26T15:16:42.633Z  INFO 1 --- [           main] com.rvce.scas.ScasApplication            : spring.redis.port => null
2026-08-26T15:16:42.6369863+00:00 ContainerStream: 2026-08-26T15:16:42.634Z  INFO 1 --- [           main] com.rvce.scas.ScasApplication            : spring.data.redis.host => scas-redis-k23.centralindia.redis.azure.net
2026-08-26T15:16:42.6456706+00:00 ContainerStream: 2026-08-26T15:16:42.643Z  INFO 1 --- [           main] com.rvce.scas.ScasApplication            : spring.data.redis.port => 10000
2026-08-26T15:16:42.6456857+00:00 ContainerStream: 2026-08-26T15:16:42.644Z  INFO 1 --- [           main] com.rvce.scas.ScasApplication            : REDIS_HOST => scas-redis-k23.centralindia.redis.azure.net
2026-08-26T15:16:42.6456900+00:00 ContainerStream: 2026-08-26T15:16:42.644Z  INFO 1 --- [           main] com.rvce.scas.ScasApplication            : SPRING_REDIS_HOST => null
2026-08-26T15:16:42.6456984+00:00 ContainerStream: 2026-08-26T15:16:42.644Z  INFO 1 --- [           main] com.rvce.scas.ScasApplication            : SPRING_DATA_REDIS_HOST => null
2026-08-26T15:16:42.6457015+00:00 ContainerStream: 2026-08-26T15:16:42.644Z  INFO 1 --- [           main] com.rvce.scas.ScasApplication            : SPRING_DATA_REDIS_PORT => null
2026-08-26T15:16:42.6457053+00:00 ContainerStream: 2026-08-26T15:16:42.644Z  INFO 1 --- [           main] com.rvce.scas.ScasApplication            : RedisProperties.host => scas-redis-k23.centralindia.redis.azure.net
2026-08-26T15:16:42.6457082+00:00 ContainerStream: 2026-08-26T15:16:42.644Z  INFO 1 --- [           main] com.rvce.scas.ScasApplication            : RedisProperties.port => 10000
2026-08-26T15:16:42.6457115+00:00 ContainerStream: 2026-08-26T15:16:42.644Z  INFO 1 --- [           main] com.rvce.scas.ScasApplication            : Lettuce standalone host => scas-redis-k23.centralindia.redis.azure.net
2026-08-26T15:16:42.6457175+00:00 ContainerStream: 2026-08-26T15:16:42.644Z  INFO 1 --- [           main] com.rvce.scas.ScasApplication            : Lettuce standalone port => 10000
2026-08-26T15:16:42.9105098+00:00 ContainerStream: 2026-08-26T15:16:42.909Z  INFO 1 --- [nio-8080-exec-1] o.a.c.c.C.[Tomcat].[localhost].[/]       : Initializing Spring DispatcherServlet 'dispatcherServlet'
2026-08-26T15:16:42.9169182+00:00 ContainerStream: 2026-08-26T15:16:42.916Z  INFO 1 --- [nio-8080-exec-1] o.s.web.servlet.DispatcherServlet        : Initializing Servlet 'dispatcherServlet'
2026-08-26T15:16:42.9283618+00:00 ContainerStream: 2026-08-26T15:16:42.928Z  INFO 1 --- [nio-8080-exec-1] o.s.web.servlet.DispatcherServlet        : Completed initialization in 10 ms
2026-08-26T15:16:43.6516398+00:00 ContainerStatus: Site startup probe succeeded after 137.2422074 seconds.
2026-08-26T15:16:43.9538180+00:00 ContainerStatus: State: Starting, Action: WarmUpProbeSucceeded, LastError: ContainerStartupFailure, LastErrorTimestamp: 08/26/2026 14:28:00, LastErrorDetails: Container exited with exit code 1 during startup after 148.0s. Please inspect your container logs for more details., Details: Site startup probe succeeded after 137.2422074 seconds., DetailsLevel: INFO
2026-08-26T15:16:44.7601670+00:00 ContainerStatus: Site started.
2026-08-26T15:16:44.7612332+00:00 ContainerStatus: State: Started, Action: None, LastError: ContainerStartupFailure, LastErrorTimestamp: 08/26/2026 14:28:00, LastErrorDetails: Container exited with exit code 1 during startup after 148.0s. Please inspect your container logs for more details., Details: Site started at 08/26/2026 15:16:44 (UTC), DetailsLevel: INFO
