2026-08-26T15:35:12.2798865Z 2026-08-26T15:35:12.279Z  WARN 1 --- [ioEventLoop-4-2] i.l.c.c.t.DefaultClusterTopologyRefresh  : Unable to connect to [4.186.51.80/<unresolved>:8500]: (certificate_unknown) No subject alternative names matching IP address 4.186.51.80 found
2026-08-26T15:35:12.3181487Z 2026-08-26T15:35:12.317Z  WARN 1 --- [ioEventLoop-4-1] i.l.c.c.t.DefaultClusterTopologyRefresh  : Unable to connect to [4.186.51.80/<unresolved>:8501]: (certificate_unknown) No subject alternative names matching IP address 4.186.51.80 found
2026-08-26T15:35:13.2656443Z 2026-08-26T15:35:13.265Z  WARN 1 --- [ioEventLoop-4-2] i.l.core.cluster.RedisClusterClient      : (certificate_unknown) No subject alternative names matching IP address 4.186.51.80 found
2026-08-26T15:35:13.4081956Z 2026-08-26T15:35:13.391Z  WARN 1 --- [ioEventLoop-4-1] i.l.core.cluster.RedisClusterClient      : (certificate_unknown) No subject alternative names matching IP address 4.186.51.80 found
2026-08-26T15:35:13.5171064Z 2026-08-26T15:35:13.457Z ERROR 1 --- [nio-8080-exec-3] c.r.s.hardening.GlobalExceptionHandler   : Unhandled exception incidentId=1233472f-dcb5-400f-afb4-a218d1ec0bbe
2026-08-26T15:35:13.5171432Z 
2026-08-26T15:35:13.5171460Z org.springframework.data.redis.RedisConnectionFailureException: Redis connection failed
2026-08-26T15:35:13.5171487Z 	at org.springframework.data.redis.connection.lettuce.LettuceExceptionConverter.convert(LettuceExceptionConverter.java:64) ~[spring-data-redis-3.5.10.jar!/:3.5.10]
2026-08-26T15:35:13.5171512Z 	at org.springframework.data.redis.connection.lettuce.LettuceFutureUtils.join(LettuceFutureUtils.java:74) ~[spring-data-redis-3.5.10.jar!/:3.5.10]
2026-08-26T15:35:13.5171537Z 	at org.springframework.data.redis.connection.lettuce.LettuceConnectionProvider.getConnection(LettuceConnectionProvider.java:53) ~[spring-data-redis-3.5.10.jar!/:3.5.10]
2026-08-26T15:35:13.5171566Z 	at org.springframework.data.redis.connection.lettuce.LettuceConnectionFactory$ExceptionTranslatingConnectionProvider.getConnection(LettuceConnectionFactory.java:1798) ~[spring-data-redis-3.5.10.jar!/:3.5.10]
2026-08-26T15:35:13.5171592Z 	at org.springframework.data.redis.connection.lettuce.LettuceConnectionFactory$SharedConnection.getNativeConnection(LettuceConnectionFactory.java:1597) ~[spring-data-redis-3.5.10.jar!/:3.5.10]
2026-08-26T15:35:13.5171620Z 	at org.springframework.data.redis.connection.lettuce.LettuceConnectionFactory$SharedConnection.lambda$getConnection$0(LettuceConnectionFactory.java:1577) ~[spring-data-redis-3.5.10.jar!/:3.5.10]
2026-08-26T15:35:13.5171695Z 	at org.springframework.data.redis.connection.lettuce.LettuceConnectionFactory.doInLock(LettuceConnectionFactory.java:1538) ~[spring-data-redis-3.5.10.jar!/:3.5.10]
2026-08-26T15:35:13.5171724Z 	at org.springframework.data.redis.connection.lettuce.LettuceConnectionFactory$SharedConnection.getConnection(LettuceConnectionFactory.java:1574) ~[spring-data-redis-3.5.10.jar!/:3.5.10]
2026-08-26T15:35:13.5171750Z 	at org.springframework.data.redis.connection.lettuce.LettuceConnectionFactory.getSharedClusterConnection(LettuceConnectionFactory.java:1274) ~[spring-data-redis-3.5.10.jar!/:3.5.10]
2026-08-26T15:35:13.5171776Z 	at org.springframework.data.redis.connection.lettuce.LettuceConnectionFactory.getClusterConnection(LettuceConnectionFactory.java:1080) ~[spring-data-redis-3.5.10.jar!/:3.5.10]
2026-08-26T15:35:13.5171801Z 	at org.springframework.data.redis.connection.lettuce.LettuceConnectionFactory.getConnection(LettuceConnectionFactory.java:1058) ~[spring-data-redis-3.5.10.jar!/:3.5.10]
2026-08-26T15:35:13.5171825Z 	at org.springframework.data.redis.core.RedisConnectionUtils.fetchConnection(RedisConnectionUtils.java:195) ~[spring-data-redis-3.5.10.jar!/:3.5.10]
2026-08-26T15:35:13.5171849Z 	at org.springframework.data.redis.core.RedisConnectionUtils.doGetConnection(RedisConnectionUtils.java:144) ~[spring-data-redis-3.5.10.jar!/:3.5.10]
2026-08-26T15:35:13.5171873Z 	at org.springframework.data.redis.core.RedisConnectionUtils.getConnection(RedisConnectionUtils.java:105) ~[spring-data-redis-3.5.10.jar!/:3.5.10]
2026-08-26T15:35:13.5171900Z 	at org.springframework.data.redis.core.RedisTemplate.execute(RedisTemplate.java:401) ~[spring-data-redis-3.5.10.jar!/:3.5.10]
2026-08-26T15:35:13.5171946Z 	at org.springframework.data.redis.core.RedisTemplate.execute(RedisTemplate.java:381) ~[spring-data-redis-3.5.10.jar!/:3.5.10]
2026-08-26T15:35:13.5171970Z 	at org.springframework.data.redis.core.RedisTemplate.doWithKeys(RedisTemplate.java:781) ~[spring-data-redis-3.5.10.jar!/:3.5.10]
2026-08-26T15:35:13.5171993Z 	at org.springframework.data.redis.core.RedisTemplate.hasKey(RedisTemplate.java:579) ~[spring-data-redis-3.5.10.jar!/:3.5.10]
2026-08-26T15:35:13.5172014Z 	at com.rvce.scas.service.AuthService.checkLockout(AuthService.java:174) ~[!/:0.0.1-SNAPSHOT]
2026-08-26T15:35:13.5172035Z 	at com.rvce.scas.service.AuthService.login(AuthService.java:54) ~[!/:0.0.1-SNAPSHOT]
2026-08-26T15:35:13.5172056Z 	at java.base/jdk.internal.reflect.NativeMethodAccessorImpl.invoke0(Native Method) ~[na:na]
2026-08-26T15:35:13.5172077Z 	at java.base/jdk.internal.reflect.NativeMethodAccessorImpl.invoke(Unknown Source) ~[na:na]
2026-08-26T15:35:13.5172098Z 	at java.base/jdk.internal.reflect.DelegatingMethodAccessorImpl.invoke(Unknown Source) ~[na:na]
2026-08-26T15:35:13.5172118Z 	at java.base/java.lang.reflect.Method.invoke(Unknown Source) ~[na:na]
2026-08-26T15:35:13.5172141Z 	at org.springframework.aop.support.AopUtils.invokeJoinpointUsingReflection(AopUtils.java:360) ~[spring-aop-6.2.17.jar!/:6.2.17]
2026-08-26T15:35:13.5172166Z 	at org.springframework.aop.framework.ReflectiveMethodInvocation.invokeJoinpoint(ReflectiveMethodInvocation.java:196) ~[spring-aop-6.2.17.jar!/:6.2.17]
2026-08-26T15:35:13.5172424Z 	at org.springframework.aop.framework.ReflectiveMethodInvocation.proceed(ReflectiveMethodInvocation.java:163) ~[spring-aop-6.2.17.jar!/:6.2.17]
2026-08-26T15:35:13.5172455Z 	at org.springframework.transaction.interceptor.TransactionAspectSupport.invokeWithinTransaction(TransactionAspectSupport.java:380) ~[spring-tx-6.2.17.jar!/:6.2.17]
2026-08-26T15:35:13.5172479Z 	at org.springframework.transaction.interceptor.TransactionInterceptor.invoke(TransactionInterceptor.java:119) ~[spring-tx-6.2.17.jar!/:6.2.17]
2026-08-26T15:35:13.5172503Z 	at org.springframework.aop.framework.ReflectiveMethodInvocation.proceed(ReflectiveMethodInvocation.java:184) ~[spring-aop-6.2.17.jar!/:6.2.17]
2026-08-26T15:35:13.5172531Z 	at org.springframework.aop.framework.CglibAopProxy$DynamicAdvisedInterceptor.intercept(CglibAopProxy.java:728) ~[spring-aop-6.2.17.jar!/:6.2.17]
2026-08-26T15:35:13.5172553Z 	at com.rvce.scas.service.AuthService$$SpringCGLIB$$0.login(<generated>) ~[!/:0.0.1-SNAPSHOT]
2026-08-26T15:35:13.5172575Z 	at com.rvce.scas.controller.AuthController.login(AuthController.java:52) ~[!/:0.0.1-SNAPSHOT]
2026-08-26T15:35:13.5172622Z 	at java.base/jdk.internal.reflect.NativeMethodAccessorImpl.invoke0(Native Method) ~[na:na]
2026-08-26T15:35:13.5172869Z 	at java.base/jdk.internal.reflect.NativeMethodAccessorImpl.invoke(Unknown Source) ~[na:na]
2026-08-26T15:35:13.5172891Z 	at java.base/jdk.internal.reflect.DelegatingMethodAccessorImpl.invoke(Unknown Source) ~[na:na]
2026-08-26T15:35:13.5172910Z 	at java.base/java.lang.reflect.Method.invoke(Unknown Source) ~[na:na]
2026-08-26T15:35:13.5172933Z 	at org.springframework.web.method.support.InvocableHandlerMethod.doInvoke(InvocableHandlerMethod.java:258) ~[spring-web-6.2.17.jar!/:6.2.17]
2026-08-26T15:35:13.5172956Z 	at org.springframework.web.method.support.InvocableHandlerMethod.invokeForRequest(InvocableHandlerMethod.java:191) ~[spring-web-6.2.17.jar!/:6.2.17]
2026-08-26T15:35:13.5172981Z 	at org.springframework.web.servlet.mvc.method.annotation.ServletInvocableHandlerMethod.invokeAndHandle(ServletInvocableHandlerMethod.java:118) ~[spring-webmvc-6.2.17.jar!/:6.2.17]
2026-08-26T15:35:13.5173006Z 	at org.springframework.web.servlet.mvc.method.annotation.RequestMappingHandlerAdapter.invokeHandlerMethod(RequestMappingHandlerAdapter.java:991) ~[spring-webmvc-6.2.17.jar!/:6.2.17]
2026-08-26T15:35:13.5173030Z 	at org.springframework.web.servlet.mvc.method.annotation.RequestMappingHandlerAdapter.handleInternal(RequestMappingHandlerAdapter.java:896) ~[spring-webmvc-6.2.17.jar!/:6.2.17]
2026-08-26T15:35:13.5173054Z 	at org.springframework.web.servlet.mvc.method.AbstractHandlerMethodAdapter.handle(AbstractHandlerMethodAdapter.java:87) ~[spring-webmvc-6.2.17.jar!/:6.2.17]
2026-08-26T15:35:13.5173100Z 	at org.springframework.web.servlet.DispatcherServlet.doDispatch(DispatcherServlet.java:1089) ~[spring-webmvc-6.2.17.jar!/:6.2.17]
2026-08-26T15:35:13.5173122Z 	at org.springframework.web.servlet.DispatcherServlet.doService(DispatcherServlet.java:979) ~[spring-webmvc-6.2.17.jar!/:6.2.17]
2026-08-26T15:35:13.5173145Z 	at org.springframework.web.servlet.FrameworkServlet.processRequest(FrameworkServlet.java:1014) ~[spring-webmvc-6.2.17.jar!/:6.2.17]
2026-08-26T15:35:13.5173167Z 	at org.springframework.web.servlet.FrameworkServlet.doPost(FrameworkServlet.java:914) ~[spring-webmvc-6.2.17.jar!/:6.2.17]
2026-08-26T15:35:13.5173188Z 	at jakarta.servlet.http.HttpServlet.service(HttpServlet.java:590) ~[tomcat-embed-core-10.1.53.jar!/:na]
2026-08-26T15:35:13.5173210Z 	at org.springframework.web.servlet.FrameworkServlet.service(FrameworkServlet.java:885) ~[spring-webmvc-6.2.17.jar!/:6.2.17]
2026-08-26T15:35:13.5173231Z 	at jakarta.servlet.http.HttpServlet.service(HttpServlet.java:658) ~[tomcat-embed-core-10.1.53.jar!/:na]
2026-08-26T15:35:13.5173254Z 	at org.apache.catalina.core.ApplicationFilterChain.internalDoFilter(ApplicationFilterChain.java:193) ~[tomcat-embed-core-10.1.53.jar!/:na]
2026-08-26T15:35:13.5173277Z 	at org.apache.catalina.core.ApplicationFilterChain.doFilter(ApplicationFilterChain.java:138) ~[tomcat-embed-core-10.1.53.jar!/:na]
2026-08-26T15:35:13.5173298Z 	at org.apache.tomcat.websocket.server.WsFilter.doFilter(WsFilter.java:51) ~[tomcat-embed-websocket-10.1.53.jar!/:na]
2026-08-26T15:35:13.5173321Z 	at org.apache.catalina.core.ApplicationFilterChain.internalDoFilter(ApplicationFilterChain.java:162) ~[tomcat-embed-core-10.1.53.jar!/:na]
2026-08-26T15:35:13.5173366Z 	at org.apache.catalina.core.ApplicationFilterChain.doFilter(ApplicationFilterChain.java:138) ~[tomcat-embed-core-10.1.53.jar!/:na]
2026-08-26T15:35:13.5173388Z 	at org.springframework.web.filter.OncePerRequestFilter.doFilter(OncePerRequestFilter.java:101) ~[spring-web-6.2.17.jar!/:6.2.17]
2026-08-26T15:35:13.5173411Z 	at org.apache.catalina.core.ApplicationFilterChain.internalDoFilter(ApplicationFilterChain.java:162) ~[tomcat-embed-core-10.1.53.jar!/:na]
2026-08-26T15:35:13.5173432Z 	at org.apache.catalina.core.ApplicationFilterChain.doFilter(ApplicationFilterChain.java:138) ~[tomcat-embed-core-10.1.53.jar!/:na]
2026-08-26T15:35:13.5173496Z 	at org.springframework.web.filter.CompositeFilter$VirtualFilterChain.doFilter(CompositeFilter.java:108) ~[spring-web-6.2.17.jar!/:6.2.17]
2026-08-26T15:35:13.5173522Z 	at org.springframework.web.filter.CompositeFilter$VirtualFilterChain.doFilter(CompositeFilter.java:108) ~[spring-web-6.2.17.jar!/:6.2.17]
2026-08-26T15:35:13.5173546Z 	at org.springframework.security.web.FilterChainProxy.lambda$doFilterInternal$3(FilterChainProxy.java:231) ~[spring-security-web-6.5.9.jar!/:6.5.9]
2026-08-26T15:35:13.5173572Z 	at org.springframework.security.web.ObservationFilterChainDecorator$FilterObservation$SimpleFilterObservation.lambda$wrap$1(ObservationFilterChainDecorator.java:490) ~[spring-security-web-6.5.9.jar!/:6.5.9]
2026-08-26T15:35:13.5173630Z 	at org.springframework.security.web.ObservationFilterChainDecorator$AroundFilterObservation$SimpleAroundFilterObservation.lambda$wrap$1(ObservationFilterChainDecorator.java:351) ~[spring-security-web-6.5.9.jar!/:6.5.9]
2026-08-26T15:35:13.5173656Z 	at org.springframework.security.web.ObservationFilterChainDecorator.lambda$wrapSecured$0(ObservationFilterChainDecorator.java:83) ~[spring-security-web-6.5.9.jar!/:6.5.9]
2026-08-26T15:35:13.5173681Z 	at org.springframework.security.web.ObservationFilterChainDecorator$VirtualFilterChain.doFilter(ObservationFilterChainDecorator.java:129) ~[spring-security-web-6.5.9.jar!/:6.5.9]
2026-08-26T15:35:13.5173705Z 	at org.springframework.security.web.access.intercept.AuthorizationFilter.doFilter(AuthorizationFilter.java:101) ~[spring-security-web-6.5.9.jar!/:6.5.9]
2026-08-26T15:35:13.5173729Z 	at org.springframework.security.web.ObservationFilterChainDecorator$ObservationFilter.wrapFilter(ObservationFilterChainDecorator.java:241) ~[spring-security-web-6.5.9.jar!/:6.5.9]
2026-08-26T15:35:13.5173754Z 	at org.springframework.security.web.ObservationFilterChainDecorator$ObservationFilter.doFilter(ObservationFilterChainDecorator.java:228) ~[spring-security-web-6.5.9.jar!/:6.5.9]
2026-08-26T15:35:13.5173804Z 	at org.springframework.security.web.ObservationFilterChainDecorator$VirtualFilterChain.doFilter(ObservationFilterChainDecorator.java:138) ~[spring-security-web-6.5.9.jar!/:6.5.9]
2026-08-26T15:35:13.5173828Z 	at org.springframework.security.web.access.ExceptionTranslationFilter.doFilter(ExceptionTranslationFilter.java:125) ~[spring-security-web-6.5.9.jar!/:6.5.9]
2026-08-26T15:35:13.5174013Z 	at org.springframework.security.web.access.ExceptionTranslationFilter.doFilter(ExceptionTranslationFilter.java:119) ~[spring-security-web-6.5.9.jar!/:6.5.9]
2026-08-26T15:35:13.5174037Z 	at org.springframework.security.web.ObservationFilterChainDecorator$ObservationFilter.wrapFilter(ObservationFilterChainDecorator.java:241) ~[spring-security-web-6.5.9.jar!/:6.5.9]
2026-08-26T15:35:13.5174061Z 	at org.springframework.security.web.ObservationFilterChainDecorator$ObservationFilter.doFilter(ObservationFilterChainDecorator.java:228) ~[spring-security-web-6.5.9.jar!/:6.5.9]
2026-08-26T15:35:13.5174085Z 	at org.springframework.security.web.ObservationFilterChainDecorator$VirtualFilterChain.doFilter(ObservationFilterChainDecorator.java:138) ~[spring-security-web-6.5.9.jar!/:6.5.9]
2026-08-26T15:35:13.5174107Z 	at org.springframework.security.web.session.SessionManagementFilter.doFilter(SessionManagementFilter.java:131) ~[spring-security-web-6.5.9.jar!/:6.5.9]
2026-08-26T15:35:13.5174130Z 	at org.springframework.security.web.session.SessionManagementFilter.doFilter(SessionManagementFilter.java:85) ~[spring-security-web-6.5.9.jar!/:6.5.9]
2026-08-26T15:35:13.5174153Z 	at org.springframework.security.web.ObservationFilterChainDecorator$ObservationFilter.wrapFilter(ObservationFilterChainDecorator.java:241) ~[spring-security-web-6.5.9.jar!/:6.5.9]
2026-08-26T15:35:13.5174199Z 	at org.springframework.security.web.ObservationFilterChainDecorator$ObservationFilter.doFilter(ObservationFilterChainDecorator.java:228) ~[spring-security-web-6.5.9.jar!/:6.5.9]
2026-08-26T15:35:13.5174223Z 	at org.springframework.security.web.ObservationFilterChainDecorator$VirtualFilterChain.doFilter(ObservationFilterChainDecorator.java:138) ~[spring-security-web-6.5.9.jar!/:6.5.9]
2026-08-26T15:35:13.5174247Z 	at org.springframework.security.web.authentication.AnonymousAuthenticationFilter.doFilter(AnonymousAuthenticationFilter.java:100) ~[spring-security-web-6.5.9.jar!/:6.5.9]
2026-08-26T15:35:13.5174270Z 	at org.springframework.security.web.ObservationFilterChainDecorator$ObservationFilter.wrapFilter(ObservationFilterChainDecorator.java:241) ~[spring-security-web-6.5.9.jar!/:6.5.9]
2026-08-26T15:35:13.5174333Z 	at org.springframework.security.web.ObservationFilterChainDecorator$ObservationFilter.doFilter(ObservationFilterChainDecorator.java:228) ~[spring-security-web-6.5.9.jar!/:6.5.9]
2026-08-26T15:35:13.5174359Z 	at org.springframework.security.web.ObservationFilterChainDecorator$VirtualFilterChain.doFilter(ObservationFilterChainDecorator.java:138) ~[spring-security-web-6.5.9.jar!/:6.5.9]
2026-08-26T15:35:13.5174384Z 	at org.springframework.security.web.servletapi.SecurityContextHolderAwareRequestFilter.doFilter(SecurityContextHolderAwareRequestFilter.java:179) ~[spring-security-web-6.5.9.jar!/:6.5.9]
2026-08-26T15:35:13.5174408Z 	at org.springframework.security.web.ObservationFilterChainDecorator$ObservationFilter.wrapFilter(ObservationFilterChainDecorator.java:241) ~[spring-security-web-6.5.9.jar!/:6.5.9]
2026-08-26T15:35:13.5174431Z 	at org.springframework.security.web.ObservationFilterChainDecorator$ObservationFilter.doFilter(ObservationFilterChainDecorator.java:228) ~[spring-security-web-6.5.9.jar!/:6.5.9]
2026-08-26T15:35:13.5174479Z 	at org.springframework.security.web.ObservationFilterChainDecorator$VirtualFilterChain.doFilter(ObservationFilterChainDecorator.java:138) ~[spring-security-web-6.5.9.jar!/:6.5.9]
2026-08-26T15:35:13.5174502Z 	at org.springframework.security.web.savedrequest.RequestCacheAwareFilter.doFilter(RequestCacheAwareFilter.java:63) ~[spring-security-web-6.5.9.jar!/:6.5.9]
2026-08-26T15:35:13.5174526Z 	at org.springframework.security.web.ObservationFilterChainDecorator$ObservationFilter.wrapFilter(ObservationFilterChainDecorator.java:241) ~[spring-security-web-6.5.9.jar!/:6.5.9]
2026-08-26T15:35:13.5174550Z 	at org.springframework.security.web.ObservationFilterChainDecorator$ObservationFilter.doFilter(ObservationFilterChainDecorator.java:228) ~[spring-security-web-6.5.9.jar!/:6.5.9]
2026-08-26T15:35:13.5174574Z 	at org.springframework.security.web.ObservationFilterChainDecorator$VirtualFilterChain.doFilter(ObservationFilterChainDecorator.java:138) ~[spring-security-web-6.5.9.jar!/:6.5.9]
2026-08-26T15:35:13.5174596Z 	at org.springframework.web.filter.OncePerRequestFilter.doFilter(OncePerRequestFilter.java:101) ~[spring-web-6.2.17.jar!/:6.2.17]
2026-08-26T15:35:13.5174620Z 	at org.springframework.security.web.ObservationFilterChainDecorator$ObservationFilter.wrapFilter(ObservationFilterChainDecorator.java:241) ~[spring-security-web-6.5.9.jar!/:6.5.9]
2026-08-26T15:35:13.5174643Z 	at org.springframework.security.web.ObservationFilterChainDecorator$ObservationFilter.doFilter(ObservationFilterChainDecorator.java:228) ~[spring-security-web-6.5.9.jar!/:6.5.9]
2026-08-26T15:35:13.5174667Z 	at org.springframework.security.web.ObservationFilterChainDecorator$VirtualFilterChain.doFilter(ObservationFilterChainDecorator.java:138) ~[spring-security-web-6.5.9.jar!/:6.5.9]
2026-08-26T15:35:13.5174690Z 	at org.springframework.security.web.authentication.logout.LogoutFilter.doFilter(LogoutFilter.java:107) ~[spring-security-web-6.5.9.jar!/:6.5.9]
2026-08-26T15:35:13.5174737Z 	at org.springframework.security.web.authentication.logout.LogoutFilter.doFilter(LogoutFilter.java:93) ~[spring-security-web-6.5.9.jar!/:6.5.9]
2026-08-26T15:35:13.5174761Z 	at org.springframework.security.web.ObservationFilterChainDecorator$ObservationFilter.wrapFilter(ObservationFilterChainDecorator.java:241) ~[spring-security-web-6.5.9.jar!/:6.5.9]
2026-08-26T15:35:13.5174784Z 	at org.springframework.security.web.ObservationFilterChainDecorator$ObservationFilter.doFilter(ObservationFilterChainDecorator.java:228) ~[spring-security-web-6.5.9.jar!/:6.5.9]
2026-08-26T15:35:13.5174808Z 	at org.springframework.security.web.ObservationFilterChainDecorator$VirtualFilterChain.doFilter(ObservationFilterChainDecorator.java:138) ~[spring-security-web-6.5.9.jar!/:6.5.9]
2026-08-26T15:35:13.5174829Z 	at org.springframework.web.filter.CorsFilter.doFilterInternal(CorsFilter.java:91) ~[spring-web-6.2.17.jar!/:6.2.17]
2026-08-26T15:35:13.5174850Z 	at org.springframework.web.filter.OncePerRequestFilter.doFilter(OncePerRequestFilter.java:116) ~[spring-web-6.2.17.jar!/:6.2.17]
2026-08-26T15:35:13.5174874Z 	at org.springframework.security.web.ObservationFilterChainDecorator$ObservationFilter.wrapFilter(ObservationFilterChainDecorator.java:241) ~[spring-security-web-6.5.9.jar!/:6.5.9]
2026-08-26T15:35:13.5174898Z 	at org.springframework.security.web.ObservationFilterChainDecorator$ObservationFilter.doFilter(ObservationFilterChainDecorator.java:228) ~[spring-security-web-6.5.9.jar!/:6.5.9]
2026-08-26T15:35:13.5174922Z 	at org.springframework.security.web.ObservationFilterChainDecorator$VirtualFilterChain.doFilter(ObservationFilterChainDecorator.java:138) ~[spring-security-web-6.5.9.jar!/:6.5.9]
2026-08-26T15:35:13.5175136Z 	at org.springframework.security.web.header.HeaderWriterFilter.doHeadersAfter(HeaderWriterFilter.java:90) ~[spring-security-web-6.5.9.jar!/:6.5.9]
2026-08-26T15:35:13.5175195Z 	at org.springframework.security.web.header.HeaderWriterFilter.doFilterInternal(HeaderWriterFilter.java:75) ~[spring-security-web-6.5.9.jar!/:6.5.9]
2026-08-26T15:35:13.5175219Z 	at org.springframework.web.filter.OncePerRequestFilter.doFilter(OncePerRequestFilter.java:116) ~[spring-web-6.2.17.jar!/:6.2.17]
2026-08-26T15:35:13.5175244Z 	at org.springframework.security.web.ObservationFilterChainDecorator$ObservationFilter.wrapFilter(ObservationFilterChainDecorator.java:241) ~[spring-security-web-6.5.9.jar!/:6.5.9]
2026-08-26T15:35:13.5175269Z 	at org.springframework.security.web.ObservationFilterChainDecorator$ObservationFilter.doFilter(ObservationFilterChainDecorator.java:228) ~[spring-security-web-6.5.9.jar!/:6.5.9]
2026-08-26T15:35:13.5175293Z 	at org.springframework.security.web.ObservationFilterChainDecorator$VirtualFilterChain.doFilter(ObservationFilterChainDecorator.java:138) ~[spring-security-web-6.5.9.jar!/:6.5.9]
2026-08-26T15:35:13.5175317Z 	at org.springframework.security.web.context.SecurityContextHolderFilter.doFilter(SecurityContextHolderFilter.java:82) ~[spring-security-web-6.5.9.jar!/:6.5.9]
2026-08-26T15:35:13.5175341Z 	at org.springframework.security.web.context.SecurityContextHolderFilter.doFilter(SecurityContextHolderFilter.java:69) ~[spring-security-web-6.5.9.jar!/:6.5.9]
2026-08-26T15:35:13.5175365Z 	at org.springframework.security.web.ObservationFilterChainDecorator$ObservationFilter.wrapFilter(ObservationFilterChainDecorator.java:241) ~[spring-security-web-6.5.9.jar!/:6.5.9]
2026-08-26T15:35:13.5175412Z 	at org.springframework.security.web.ObservationFilterChainDecorator$ObservationFilter.doFilter(ObservationFilterChainDecorator.java:228) ~[spring-security-web-6.5.9.jar!/:6.5.9]
2026-08-26T15:35:13.5175437Z 	at org.springframework.security.web.ObservationFilterChainDecorator$VirtualFilterChain.doFilter(ObservationFilterChainDecorator.java:138) ~[spring-security-web-6.5.9.jar!/:6.5.9]
2026-08-26T15:35:13.5175618Z 	at org.springframework.security.web.context.request.async.WebAsyncManagerIntegrationFilter.doFilterInternal(WebAsyncManagerIntegrationFilter.java:62) ~[spring-security-web-6.5.9.jar!/:6.5.9]
2026-08-26T15:35:13.5175641Z 	at org.springframework.web.filter.OncePerRequestFilter.doFilter(OncePerRequestFilter.java:116) ~[spring-web-6.2.17.jar!/:6.2.17]
2026-08-26T15:35:13.5175665Z 	at org.springframework.security.web.ObservationFilterChainDecorator$ObservationFilter.wrapFilter(ObservationFilterChainDecorator.java:241) ~[spring-security-web-6.5.9.jar!/:6.5.9]
2026-08-26T15:35:13.5175688Z 	at org.springframework.security.web.ObservationFilterChainDecorator$ObservationFilter.doFilter(ObservationFilterChainDecorator.java:228) ~[spring-security-web-6.5.9.jar!/:6.5.9]
2026-08-26T15:35:13.5175712Z 	at org.springframework.security.web.ObservationFilterChainDecorator$VirtualFilterChain.doFilter(ObservationFilterChainDecorator.java:138) ~[spring-security-web-6.5.9.jar!/:6.5.9]
2026-08-26T15:35:13.5175735Z 	at org.springframework.security.web.session.DisableEncodeUrlFilter.doFilterInternal(DisableEncodeUrlFilter.java:42) ~[spring-security-web-6.5.9.jar!/:6.5.9]
2026-08-26T15:35:13.5175756Z 	at org.springframework.web.filter.OncePerRequestFilter.doFilter(OncePerRequestFilter.java:116) ~[spring-web-6.2.17.jar!/:6.2.17]
2026-08-26T15:35:13.5175780Z 	at org.springframework.security.web.ObservationFilterChainDecorator$ObservationFilter.wrapFilter(ObservationFilterChainDecorator.java:241) ~[spring-security-web-6.5.9.jar!/:6.5.9]
2026-08-26T15:35:13.5175830Z 	at org.springframework.security.web.ObservationFilterChainDecorator$AroundFilterObservation$SimpleAroundFilterObservation.lambda$wrap$0(ObservationFilterChainDecorator.java:334) ~[spring-security-web-6.5.9.jar!/:6.5.9]
2026-08-26T15:35:13.5175854Z 	at org.springframework.security.web.ObservationFilterChainDecorator$ObservationFilter.doFilter(ObservationFilterChainDecorator.java:225) ~[spring-security-web-6.5.9.jar!/:6.5.9]
2026-08-26T15:35:13.5175908Z 	at org.springframework.security.web.ObservationFilterChainDecorator$VirtualFilterChain.doFilter(ObservationFilterChainDecorator.java:138) ~[spring-security-web-6.5.9.jar!/:6.5.9]
2026-08-26T15:35:13.5175931Z 	at org.springframework.security.web.FilterChainProxy.doFilterInternal(FilterChainProxy.java:233) ~[spring-security-web-6.5.9.jar!/:6.5.9]
2026-08-26T15:35:13.5175953Z 	at org.springframework.security.web.FilterChainProxy.doFilter(FilterChainProxy.java:191) ~[spring-security-web-6.5.9.jar!/:6.5.9]
2026-08-26T15:35:13.5175975Z 	at org.springframework.web.filter.CompositeFilter$VirtualFilterChain.doFilter(CompositeFilter.java:113) ~[spring-web-6.2.17.jar!/:6.2.17]
2026-08-26T15:35:13.5175997Z 	at org.springframework.web.filter.ServletRequestPathFilter.doFilter(ServletRequestPathFilter.java:52) ~[spring-web-6.2.17.jar!/:6.2.17]
2026-08-26T15:35:13.5176053Z 	at org.springframework.web.filter.CompositeFilter$VirtualFilterChain.doFilter(CompositeFilter.java:113) ~[spring-web-6.2.17.jar!/:6.2.17]
2026-08-26T15:35:13.5176076Z 	at org.springframework.web.filter.CompositeFilter.doFilter(CompositeFilter.java:74) ~[spring-web-6.2.17.jar!/:6.2.17]
2026-08-26T15:35:13.5176126Z 	at org.springframework.security.config.annotation.web.configuration.WebSecurityConfiguration$CompositeFilterChainProxy.doFilter(WebSecurityConfiguration.java:319) ~[spring-security-config-6.5.9.jar!/:6.5.9]
2026-08-26T15:35:13.5176149Z 	at org.springframework.web.filter.CompositeFilter$VirtualFilterChain.doFilter(CompositeFilter.java:113) ~[spring-web-6.2.17.jar!/:6.2.17]
2026-08-26T15:35:13.5176172Z 	at org.springframework.web.servlet.handler.HandlerMappingIntrospector.lambda$createCacheFilter$4(HandlerMappingIntrospector.java:267) ~[spring-webmvc-6.2.17.jar!/:6.2.17]
2026-08-26T15:35:13.5176194Z 	at org.springframework.web.filter.CompositeFilter$VirtualFilterChain.doFilter(CompositeFilter.java:113) ~[spring-web-6.2.17.jar!/:6.2.17]
2026-08-26T15:35:13.5176214Z 	at org.springframework.web.filter.CompositeFilter.doFilter(CompositeFilter.java:74) ~[spring-web-6.2.17.jar!/:6.2.17]
2026-08-26T15:35:13.5176241Z 	at org.springframework.security.config.annotation.web.configuration.WebMvcSecurityConfiguration$CompositeFilterChainProxy.doFilter(WebMvcSecurityConfiguration.java:240) ~[spring-security-config-6.5.9.jar!/:6.5.9]
2026-08-26T15:35:13.5176263Z 	at org.springframework.web.filter.DelegatingFilterProxy.invokeDelegate(DelegatingFilterProxy.java:362) ~[spring-web-6.2.17.jar!/:6.2.17]
2026-08-26T15:35:13.5176285Z 	at org.springframework.web.filter.DelegatingFilterProxy.doFilter(DelegatingFilterProxy.java:278) ~[spring-web-6.2.17.jar!/:6.2.17]
2026-08-26T15:35:13.5176306Z 	at org.apache.catalina.core.ApplicationFilterChain.internalDoFilter(ApplicationFilterChain.java:162) ~[tomcat-embed-core-10.1.53.jar!/:na]
2026-08-26T15:35:13.5176328Z 	at org.apache.catalina.core.ApplicationFilterChain.doFilter(ApplicationFilterChain.java:138) ~[tomcat-embed-core-10.1.53.jar!/:na]
2026-08-26T15:35:13.5176372Z 	at org.springframework.web.filter.RequestContextFilter.doFilterInternal(RequestContextFilter.java:100) ~[spring-web-6.2.17.jar!/:6.2.17]
2026-08-26T15:35:13.5176394Z 	at org.springframework.web.filter.OncePerRequestFilter.doFilter(OncePerRequestFilter.java:116) ~[spring-web-6.2.17.jar!/:6.2.17]
2026-08-26T15:35:13.5176416Z 	at org.apache.catalina.core.ApplicationFilterChain.internalDoFilter(ApplicationFilterChain.java:162) ~[tomcat-embed-core-10.1.53.jar!/:na]
2026-08-26T15:35:13.5176438Z 	at org.apache.catalina.core.ApplicationFilterChain.doFilter(ApplicationFilterChain.java:138) ~[tomcat-embed-core-10.1.53.jar!/:na]
2026-08-26T15:35:13.5176459Z 	at org.springframework.web.filter.FormContentFilter.doFilterInternal(FormContentFilter.java:93) ~[spring-web-6.2.17.jar!/:6.2.17]
2026-08-26T15:35:13.5176481Z 	at org.springframework.web.filter.OncePerRequestFilter.doFilter(OncePerRequestFilter.java:116) ~[spring-web-6.2.17.jar!/:6.2.17]
2026-08-26T15:35:13.5176503Z 	at org.apache.catalina.core.ApplicationFilterChain.internalDoFilter(ApplicationFilterChain.java:162) ~[tomcat-embed-core-10.1.53.jar!/:na]
2026-08-26T15:35:13.5176525Z 	at org.apache.catalina.core.ApplicationFilterChain.doFilter(ApplicationFilterChain.java:138) ~[tomcat-embed-core-10.1.53.jar!/:na]
2026-08-26T15:35:13.5176548Z 	at org.springframework.web.filter.ServerHttpObservationFilter.doFilterInternal(ServerHttpObservationFilter.java:110) ~[spring-web-6.2.17.jar!/:6.2.17]
2026-08-26T15:35:13.5176569Z 	at org.springframework.web.filter.OncePerRequestFilter.doFilter(OncePerRequestFilter.java:116) ~[spring-web-6.2.17.jar!/:6.2.17]
2026-08-26T15:35:13.5176616Z 	at org.apache.catalina.core.ApplicationFilterChain.internalDoFilter(ApplicationFilterChain.java:162) ~[tomcat-embed-core-10.1.53.jar!/:na]
2026-08-26T15:35:13.5176638Z 	at org.apache.catalina.core.ApplicationFilterChain.doFilter(ApplicationFilterChain.java:138) ~[tomcat-embed-core-10.1.53.jar!/:na]
2026-08-26T15:35:13.5176660Z 	at org.springframework.web.filter.CharacterEncodingFilter.doFilterInternal(CharacterEncodingFilter.java:201) ~[spring-web-6.2.17.jar!/:6.2.17]
2026-08-26T15:35:13.5176681Z 	at org.springframework.web.filter.OncePerRequestFilter.doFilter(OncePerRequestFilter.java:116) ~[spring-web-6.2.17.jar!/:6.2.17]
2026-08-26T15:35:13.5176703Z 	at org.apache.catalina.core.ApplicationFilterChain.internalDoFilter(ApplicationFilterChain.java:162) ~[tomcat-embed-core-10.1.53.jar!/:na]
2026-08-26T15:35:13.5176725Z 	at org.apache.catalina.core.ApplicationFilterChain.doFilter(ApplicationFilterChain.java:138) ~[tomcat-embed-core-10.1.53.jar!/:na]
2026-08-26T15:35:13.5176746Z 	at com.rvce.scas.hardening.SecurityHeadersFilter.doFilterInternal(SecurityHeadersFilter.java:63) ~[!/:0.0.1-SNAPSHOT]
2026-08-26T15:35:13.5176800Z 	at org.springframework.web.filter.OncePerRequestFilter.doFilter(OncePerRequestFilter.java:116) ~[spring-web-6.2.17.jar!/:6.2.17]
2026-08-26T15:35:13.5176823Z 	at org.apache.catalina.core.ApplicationFilterChain.internalDoFilter(ApplicationFilterChain.java:162) ~[tomcat-embed-core-10.1.53.jar!/:na]
2026-08-26T15:35:13.5176845Z 	at org.apache.catalina.core.ApplicationFilterChain.doFilter(ApplicationFilterChain.java:138) ~[tomcat-embed-core-10.1.53.jar!/:na]
2026-08-26T15:35:13.5176890Z 	at org.apache.catalina.core.StandardWrapperValve.invoke(StandardWrapperValve.java:165) ~[tomcat-embed-core-10.1.53.jar!/:na]
2026-08-26T15:35:13.5176911Z 	at org.apache.catalina.core.StandardContextValve.invoke(StandardContextValve.java:88) ~[tomcat-embed-core-10.1.53.jar!/:na]
2026-08-26T15:35:13.5177033Z 	at org.apache.catalina.authenticator.AuthenticatorBase.invoke(AuthenticatorBase.java:492) ~[tomcat-embed-core-10.1.53.jar!/:na]
2026-08-26T15:35:13.5177059Z 	at org.apache.catalina.core.StandardHostValve.invoke(StandardHostValve.java:113) ~[tomcat-embed-core-10.1.53.jar!/:na]
2026-08-26T15:35:13.5177080Z 	at org.apache.catalina.valves.ErrorReportValve.invoke(ErrorReportValve.java:83) ~[tomcat-embed-core-10.1.53.jar!/:na]
2026-08-26T15:35:13.5177102Z 	at org.apache.catalina.core.StandardEngineValve.invoke(StandardEngineValve.java:72) ~[tomcat-embed-core-10.1.53.jar!/:na]
2026-08-26T15:35:13.5177123Z 	at org.apache.catalina.valves.RemoteIpValve.invoke(RemoteIpValve.java:733) ~[tomcat-embed-core-10.1.53.jar!/:na]
2026-08-26T15:35:13.5177146Z 	at org.apache.catalina.connector.CoyoteAdapter.service(CoyoteAdapter.java:342) ~[tomcat-embed-core-10.1.53.jar!/:na]
2026-08-26T15:35:13.5177167Z 	at org.apache.coyote.http11.Http11Processor.service(Http11Processor.java:399) ~[tomcat-embed-core-10.1.53.jar!/:na]
2026-08-26T15:35:13.5177189Z 	at org.apache.coyote.AbstractProcessorLight.process(AbstractProcessorLight.java:63) ~[tomcat-embed-core-10.1.53.jar!/:na]
2026-08-26T15:35:13.5177211Z 	at org.apache.coyote.AbstractProtocol$ConnectionHandler.process(AbstractProtocol.java:903) ~[tomcat-embed-core-10.1.53.jar!/:na]
2026-08-26T15:35:13.5177257Z 	at org.apache.tomcat.util.net.NioEndpoint$SocketProcessor.doRun(NioEndpoint.java:1775) ~[tomcat-embed-core-10.1.53.jar!/:na]
2026-08-26T15:35:13.5177279Z 	at org.apache.tomcat.util.net.SocketProcessorBase.run(SocketProcessorBase.java:52) ~[tomcat-embed-core-10.1.53.jar!/:na]
2026-08-26T15:35:13.5177301Z 	at org.apache.tomcat.util.threads.ThreadPoolExecutor.runWorker(ThreadPoolExecutor.java:973) ~[tomcat-embed-core-10.1.53.jar!/:na]
2026-08-26T15:35:13.5177322Z 	at org.apache.tomcat.util.threads.ThreadPoolExecutor$Worker.run(ThreadPoolExecutor.java:491) ~[tomcat-embed-core-10.1.53.jar!/:na]
2026-08-26T15:35:13.5177343Z 	at org.apache.tomcat.util.threads.TaskThread$WrappingRunnable.run(TaskThread.java:63) ~[tomcat-embed-core-10.1.53.jar!/:na]
2026-08-26T15:35:13.5177363Z 	at java.base/java.lang.Thread.run(Unknown Source) ~[na:na]
2026-08-26T15:35:13.5177387Z Caused by: io.lettuce.core.RedisConnectionException: Unable to connect to [rediss://********************************************@scas-redis-k23.centralindia.redis.azure.net:10000?timeout=2s]
2026-08-26T15:35:13.5177410Z 	at io.lettuce.core.RedisConnectionException.create(RedisConnectionException.java:63) ~[lettuce-core-6.6.0.RELEASE.jar!/:6.6.0.RELEASE/643bd47]
2026-08-26T15:35:13.5177433Z 	at io.lettuce.core.cluster.RedisClusterClient.lambda$transformAsyncConnectionException$35(RedisClusterClient.java:1309) ~[lettuce-core-6.6.0.RELEASE.jar!/:6.6.0.RELEASE/643bd47]
2026-08-26T15:35:13.5177457Z 	at io.lettuce.core.DefaultConnectionFuture.lambda$thenCompose$1(DefaultConnectionFuture.java:238) ~[lettuce-core-6.6.0.RELEASE.jar!/:6.6.0.RELEASE/643bd47]
2026-08-26T15:35:13.5177501Z 	at java.base/java.util.concurrent.CompletableFuture.uniWhenComplete(Unknown Source) ~[na:na]
2026-08-26T15:35:13.5177523Z 	at java.base/java.util.concurrent.CompletableFuture$UniWhenComplete.tryFire(Unknown Source) ~[na:na]
2026-08-26T15:35:13.5177543Z 	at java.base/java.util.concurrent.CompletableFuture.postComplete(Unknown Source) ~[na:na]
2026-08-26T15:35:13.5177563Z 	at java.base/java.util.concurrent.CompletableFuture.completeExceptionally(Unknown Source) ~[na:na]
2026-08-26T15:35:13.5177585Z 	at reactor.core.publisher.MonoToCompletableFuture.onError(MonoToCompletableFuture.java:77) ~[reactor-core-3.7.17.jar!/:3.7.17]
2026-08-26T15:35:13.5177606Z 	at reactor.core.publisher.FluxMap$MapSubscriber.onError(FluxMap.java:134) ~[reactor-core-3.7.17.jar!/:3.7.17]
2026-08-26T15:35:13.5177627Z 	at reactor.core.publisher.FluxPeek$PeekSubscriber.onError(FluxPeek.java:222) ~[reactor-core-3.7.17.jar!/:3.7.17]
2026-08-26T15:35:13.5177650Z 	at reactor.core.publisher.FluxOnErrorResume$ResumeSubscriber.onError(FluxOnErrorResume.java:106) ~[reactor-core-3.7.17.jar!/:3.7.17]
2026-08-26T15:35:13.5177716Z 	at reactor.core.publisher.MonoPeekTerminal$MonoTerminalPeekSubscriber.onError(MonoPeekTerminal.java:258) ~[reactor-core-3.7.17.jar!/:3.7.17]
2026-08-26T15:35:13.5177742Z 	at reactor.core.publisher.MonoCompletionStage$MonoCompletionStageSubscription.apply(MonoCompletionStage.java:115) ~[reactor-core-3.7.17.jar!/:3.7.17]
2026-08-26T15:35:13.5177790Z 	at reactor.core.publisher.MonoCompletionStage$MonoCompletionStageSubscription.apply(MonoCompletionStage.java:67) ~[reactor-core-3.7.17.jar!/:3.7.17]
2026-08-26T15:35:13.5177811Z 	at java.base/java.util.concurrent.CompletableFuture.uniHandle(Unknown Source) ~[na:na]
2026-08-26T15:35:13.5177831Z 	at java.base/java.util.concurrent.CompletableFuture$UniHandle.tryFire(Unknown Source) ~[na:na]
2026-08-26T15:35:13.5177851Z 	at java.base/java.util.concurrent.CompletableFuture.postComplete(Unknown Source) ~[na:na]
2026-08-26T15:35:13.5177871Z 	at java.base/java.util.concurrent.CompletableFuture.completeExceptionally(Unknown Source) ~[na:na]
2026-08-26T15:35:13.5177893Z 	at io.lettuce.core.AbstractRedisClient.lambda$null$5(AbstractRedisClient.java:482) ~[lettuce-core-6.6.0.RELEASE.jar!/:6.6.0.RELEASE/643bd47]
2026-08-26T15:35:13.5177913Z 	at java.base/java.util.concurrent.CompletableFuture.uniWhenComplete(Unknown Source) ~[na:na]
2026-08-26T15:35:13.5177934Z 	at java.base/java.util.concurrent.CompletableFuture$UniWhenComplete.tryFire(Unknown Source) ~[na:na]
2026-08-26T15:35:13.5177954Z 	at java.base/java.util.concurrent.CompletableFuture.postComplete(Unknown Source) ~[na:na]
2026-08-26T15:35:13.5177975Z 	at java.base/java.util.concurrent.CompletableFuture.completeExceptionally(Unknown Source) ~[na:na]
2026-08-26T15:35:13.5177998Z 	at io.lettuce.core.protocol.RedisHandshakeHandler.lambda$fail$4(RedisHandshakeHandler.java:124) ~[lettuce-core-6.6.0.RELEASE.jar!/:6.6.0.RELEASE/643bd47]
2026-08-26T15:35:13.5178041Z 	at io.netty.util.concurrent.DefaultPromise.notifyListener0(DefaultPromise.java:604) ~[netty-common-4.1.132.Final.jar!/:4.1.132.Final]
2026-08-26T15:35:13.5178063Z 	at io.netty.util.concurrent.DefaultPromise.notifyListenersNow(DefaultPromise.java:571) ~[netty-common-4.1.132.Final.jar!/:4.1.132.Final]
2026-08-26T15:35:13.5178085Z 	at io.netty.util.concurrent.DefaultPromise.notifyListeners(DefaultPromise.java:506) ~[netty-common-4.1.132.Final.jar!/:4.1.132.Final]
2026-08-26T15:35:13.5178106Z 	at io.netty.util.concurrent.DefaultPromise.addListener(DefaultPromise.java:199) ~[netty-common-4.1.132.Final.jar!/:4.1.132.Final]
2026-08-26T15:35:13.5178128Z 	at io.netty.channel.DefaultChannelPromise.addListener(DefaultChannelPromise.java:95) ~[netty-transport-4.1.132.Final.jar!/:4.1.132.Final]
2026-08-26T15:35:13.5178151Z 	at io.netty.channel.DefaultChannelPromise.addListener(DefaultChannelPromise.java:30) ~[netty-transport-4.1.132.Final.jar!/:4.1.132.Final]
2026-08-26T15:35:13.5178173Z 	at io.lettuce.core.protocol.RedisHandshakeHandler.fail(RedisHandshakeHandler.java:123) ~[lettuce-core-6.6.0.RELEASE.jar!/:6.6.0.RELEASE/643bd47]
2026-08-26T15:35:13.5178196Z 	at io.lettuce.core.protocol.RedisHandshakeHandler.lambda$channelActive$3(RedisHandshakeHandler.java:92) ~[lettuce-core-6.6.0.RELEASE.jar!/:6.6.0.RELEASE/643bd47]
2026-08-26T15:35:13.5178216Z 	at java.base/java.util.concurrent.CompletableFuture.uniWhenComplete(Unknown Source) ~[na:na]
2026-08-26T15:35:13.5178236Z 	at java.base/java.util.concurrent.CompletableFuture$UniWhenComplete.tryFire(Unknown Source) ~[na:na]
2026-08-26T15:35:13.5178256Z 	at java.base/java.util.concurrent.CompletableFuture.postComplete(Unknown Source) ~[na:na]
2026-08-26T15:35:13.5178300Z 	at java.base/java.util.concurrent.CompletableFuture.completeExceptionally(Unknown Source) ~[na:na]
2026-08-26T15:35:13.5178323Z 	at io.lettuce.core.RedisHandshake.lambda$tryHandshakeResp3$2(RedisHandshake.java:134) ~[lettuce-core-6.6.0.RELEASE.jar!/:6.6.0.RELEASE/643bd47]
2026-08-26T15:35:13.5178343Z 	at java.base/java.util.concurrent.CompletableFuture.uniWhenComplete(Unknown Source) ~[na:na]
2026-08-26T15:35:13.5178363Z 	at java.base/java.util.concurrent.CompletableFuture$UniWhenComplete.tryFire(Unknown Source) ~[na:na]
2026-08-26T15:35:13.5178383Z 	at java.base/java.util.concurrent.CompletableFuture.postComplete(Unknown Source) ~[na:na]
2026-08-26T15:35:13.5178403Z 	at java.base/java.util.concurrent.CompletableFuture.completeExceptionally(Unknown Source) ~[na:na]
2026-08-26T15:35:13.5178425Z 	at io.lettuce.core.protocol.AsyncCommand.doCompleteExceptionally(AsyncCommand.java:143) ~[lettuce-core-6.6.0.RELEASE.jar!/:6.6.0.RELEASE/643bd47]
2026-08-26T15:35:13.5178448Z 	at io.lettuce.core.protocol.AsyncCommand.completeExceptionally(AsyncCommand.java:136) ~[lettuce-core-6.6.0.RELEASE.jar!/:6.6.0.RELEASE/643bd47]
2026-08-26T15:35:13.5178470Z 	at io.lettuce.core.RedisHandshake.lambda$dispatch$8(RedisHandshake.java:319) ~[lettuce-core-6.6.0.RELEASE.jar!/:6.6.0.RELEASE/643bd47]
2026-08-26T15:35:13.5178492Z 	at io.netty.util.concurrent.DefaultPromise.notifyListener0(DefaultPromise.java:604) ~[netty-common-4.1.132.Final.jar!/:4.1.132.Final]
2026-08-26T15:35:13.5178571Z 	at io.netty.util.concurrent.DefaultPromise.notifyListeners0(DefaultPromise.java:597) ~[netty-common-4.1.132.Final.jar!/:4.1.132.Final]
2026-08-26T15:35:13.5178596Z 	at io.netty.util.concurrent.DefaultPromise.notifyListenersNow(DefaultPromise.java:573) ~[netty-common-4.1.132.Final.jar!/:4.1.132.Final]
2026-08-26T15:35:13.5178618Z 	at io.netty.util.concurrent.DefaultPromise.notifyListeners(DefaultPromise.java:506) ~[netty-common-4.1.132.Final.jar!/:4.1.132.Final]
2026-08-26T15:35:13.5178640Z 	at io.netty.util.concurrent.DefaultPromise.setValue0(DefaultPromise.java:650) ~[netty-common-4.1.132.Final.jar!/:4.1.132.Final]
2026-08-26T15:35:13.5178661Z 	at io.netty.util.concurrent.DefaultPromise.setFailure0(DefaultPromise.java:643) ~[netty-common-4.1.132.Final.jar!/:4.1.132.Final]
2026-08-26T15:35:13.5178683Z 	at io.netty.util.concurrent.DefaultPromise.tryFailure(DefaultPromise.java:132) ~[netty-common-4.1.132.Final.jar!/:4.1.132.Final]
2026-08-26T15:35:13.5178705Z 	at io.netty.util.internal.PromiseNotificationUtil.tryFailure(PromiseNotificationUtil.java:64) ~[netty-common-4.1.132.Final.jar!/:4.1.132.Final]
2026-08-26T15:35:13.5178728Z 	at io.netty.channel.DelegatingChannelPromiseNotifier.operationComplete(DelegatingChannelPromiseNotifier.java:57) ~[netty-transport-4.1.132.Final.jar!/:4.1.132.Final]
2026-08-26T15:35:13.5178752Z 	at io.netty.channel.DelegatingChannelPromiseNotifier.operationComplete(DelegatingChannelPromiseNotifier.java:31) ~[netty-transport-4.1.132.Final.jar!/:4.1.132.Final]
2026-08-26T15:35:13.5178774Z 	at io.netty.util.concurrent.DefaultPromise.notifyListener0(DefaultPromise.java:604) ~[netty-common-4.1.132.Final.jar!/:4.1.132.Final]
2026-08-26T15:35:13.5178819Z 	at io.netty.util.concurrent.DefaultPromise.notifyListenersNow(DefaultPromise.java:571) ~[netty-common-4.1.132.Final.jar!/:4.1.132.Final]
2026-08-26T15:35:13.5178841Z 	at io.netty.util.concurrent.DefaultPromise.notifyListeners(DefaultPromise.java:506) ~[netty-common-4.1.132.Final.jar!/:4.1.132.Final]
2026-08-26T15:35:13.5178862Z 	at io.netty.util.concurrent.DefaultPromise.setValue0(DefaultPromise.java:650) ~[netty-common-4.1.132.Final.jar!/:4.1.132.Final]
2026-08-26T15:35:13.5180080Z 	at io.netty.util.concurrent.DefaultPromise.setFailure0(DefaultPromise.java:643) ~[netty-common-4.1.132.Final.jar!/:4.1.132.Final]
2026-08-26T15:35:13.5180115Z 	at io.netty.util.concurrent.DefaultPromise.tryFailure(DefaultPromise.java:132) ~[netty-common-4.1.132.Final.jar!/:4.1.132.Final]
2026-08-26T15:35:13.5180137Z 	at io.netty.util.internal.PromiseNotificationUtil.tryFailure(PromiseNotificationUtil.java:64) ~[netty-common-4.1.132.Final.jar!/:4.1.132.Final]
2026-08-26T15:35:13.5180161Z 	at io.netty.channel.DelegatingChannelPromiseNotifier.operationComplete(DelegatingChannelPromiseNotifier.java:57) ~[netty-transport-4.1.132.Final.jar!/:4.1.132.Final]
2026-08-26T15:35:13.5180185Z 	at io.netty.channel.DelegatingChannelPromiseNotifier.operationComplete(DelegatingChannelPromiseNotifier.java:31) ~[netty-transport-4.1.132.Final.jar!/:4.1.132.Final]
2026-08-26T15:35:13.5180207Z 	at io.netty.util.concurrent.DefaultPromise.notifyListener0(DefaultPromise.java:604) ~[netty-common-4.1.132.Final.jar!/:4.1.132.Final]
2026-08-26T15:35:13.5180229Z 	at io.netty.util.concurrent.DefaultPromise.notifyListenersNow(DefaultPromise.java:571) ~[netty-common-4.1.132.Final.jar!/:4.1.132.Final]
2026-08-26T15:35:13.5180458Z 	at io.netty.util.concurrent.DefaultPromise.notifyListeners(DefaultPromise.java:506) ~[netty-common-4.1.132.Final.jar!/:4.1.132.Final]
2026-08-26T15:35:13.5180482Z 	at io.netty.util.concurrent.DefaultPromise.setValue0(DefaultPromise.java:650) ~[netty-common-4.1.132.Final.jar!/:4.1.132.Final]
2026-08-26T15:35:13.5180504Z 	at io.netty.util.concurrent.DefaultPromise.setFailure0(DefaultPromise.java:643) ~[netty-common-4.1.132.Final.jar!/:4.1.132.Final]
2026-08-26T15:35:13.5180526Z 	at io.netty.util.concurrent.DefaultPromise.tryFailure(DefaultPromise.java:132) ~[netty-common-4.1.132.Final.jar!/:4.1.132.Final]
2026-08-26T15:35:13.5180549Z 	at io.netty.util.internal.PromiseNotificationUtil.tryFailure(PromiseNotificationUtil.java:64) ~[netty-common-4.1.132.Final.jar!/:4.1.132.Final]
2026-08-26T15:35:13.5180574Z 	at io.netty.channel.DelegatingChannelPromiseNotifier.operationComplete(DelegatingChannelPromiseNotifier.java:57) ~[netty-transport-4.1.132.Final.jar!/:4.1.132.Final]
2026-08-26T15:35:13.5180597Z 	at io.netty.channel.DelegatingChannelPromiseNotifier.operationComplete(DelegatingChannelPromiseNotifier.java:31) ~[netty-transport-4.1.132.Final.jar!/:4.1.132.Final]
2026-08-26T15:35:13.5180622Z 	at io.netty.channel.AbstractCoalescingBufferQueue.releaseAndCompleteAll(AbstractCoalescingBufferQueue.java:395) ~[netty-transport-4.1.132.Final.jar!/:4.1.132.Final]
2026-08-26T15:35:13.5180704Z 	at io.netty.channel.AbstractCoalescingBufferQueue.releaseAndFailAll(AbstractCoalescingBufferQueue.java:239) ~[netty-transport-4.1.132.Final.jar!/:4.1.132.Final]
2026-08-26T15:35:13.5180839Z 	at io.netty.handler.ssl.SslHandler.wrap(SslHandler.java:926) ~[netty-handler-4.1.132.Final.jar!/:4.1.132.Final]
2026-08-26T15:35:13.5180890Z 	at io.netty.handler.ssl.SslHandler.wrapAndFlush(SslHandler.java:827) ~[netty-handler-4.1.132.Final.jar!/:4.1.132.Final]
2026-08-26T15:35:13.5180914Z 	at io.netty.handler.ssl.SslHandler.handleUnwrapThrowable(SslHandler.java:1410) ~[netty-handler-4.1.132.Final.jar!/:4.1.132.Final]
2026-08-26T15:35:13.5180936Z 	at io.netty.handler.ssl.SslHandler.decodeJdkCompatible(SslHandler.java:1384) ~[netty-handler-4.1.132.Final.jar!/:4.1.132.Final]
2026-08-26T15:35:13.5180958Z 	at io.netty.handler.ssl.SslHandler.decode(SslHandler.java:1428) ~[netty-handler-4.1.132.Final.jar!/:4.1.132.Final]
2026-08-26T15:35:13.5180982Z 	at io.netty.handler.codec.ByteToMessageDecoder.decodeRemovalReentryProtection(ByteToMessageDecoder.java:545) ~[netty-codec-4.1.132.Final.jar!/:4.1.132.Final]
2026-08-26T15:35:13.5181005Z 	at io.netty.handler.codec.ByteToMessageDecoder.callDecode(ByteToMessageDecoder.java:484) ~[netty-codec-4.1.132.Final.jar!/:4.1.132.Final]
2026-08-26T15:35:13.5181028Z 	at io.netty.handler.codec.ByteToMessageDecoder.channelRead(ByteToMessageDecoder.java:296) ~[netty-codec-4.1.132.Final.jar!/:4.1.132.Final]
2026-08-26T15:35:13.5181222Z 	at io.netty.channel.AbstractChannelHandlerContext.invokeChannelRead(AbstractChannelHandlerContext.java:444) ~[netty-transport-4.1.132.Final.jar!/:4.1.132.Final]
2026-08-26T15:35:13.5181247Z 	at io.netty.channel.AbstractChannelHandlerContext.invokeChannelRead(AbstractChannelHandlerContext.java:420) ~[netty-transport-4.1.132.Final.jar!/:4.1.132.Final]
2026-08-26T15:35:13.5181272Z 	at io.netty.channel.AbstractChannelHandlerContext.fireChannelRead(AbstractChannelHandlerContext.java:412) ~[netty-transport-4.1.132.Final.jar!/:4.1.132.Final]
2026-08-26T15:35:13.5181319Z 	at io.netty.channel.DefaultChannelPipeline$HeadContext.channelRead(DefaultChannelPipeline.java:1357) ~[netty-transport-4.1.132.Final.jar!/:4.1.132.Final]
2026-08-26T15:35:13.5181344Z 	at io.netty.channel.AbstractChannelHandlerContext.invokeChannelRead(AbstractChannelHandlerContext.java:440) ~[netty-transport-4.1.132.Final.jar!/:4.1.132.Final]
2026-08-26T15:35:13.5181368Z 	at io.netty.channel.AbstractChannelHandlerContext.invokeChannelRead(AbstractChannelHandlerContext.java:420) ~[netty-transport-4.1.132.Final.jar!/:4.1.132.Final]
2026-08-26T15:35:13.5181391Z 	at io.netty.channel.DefaultChannelPipeline.fireChannelRead(DefaultChannelPipeline.java:868) ~[netty-transport-4.1.132.Final.jar!/:4.1.132.Final]
2026-08-26T15:35:13.5181416Z 	at io.netty.channel.nio.AbstractNioByteChannel$NioByteUnsafe.read(AbstractNioByteChannel.java:171) ~[netty-transport-4.1.132.Final.jar!/:4.1.132.Final]
2026-08-26T15:35:13.5181439Z 	at io.netty.channel.nio.NioEventLoop.processSelectedKey(NioEventLoop.java:796) ~[netty-transport-4.1.132.Final.jar!/:4.1.132.Final]
2026-08-26T15:35:13.5181463Z 	at io.netty.channel.nio.NioEventLoop.processSelectedKeysOptimized(NioEventLoop.java:732) ~[netty-transport-4.1.132.Final.jar!/:4.1.132.Final]
2026-08-26T15:35:13.5181486Z 	at io.netty.channel.nio.NioEventLoop.processSelectedKeys(NioEventLoop.java:658) ~[netty-transport-4.1.132.Final.jar!/:4.1.132.Final]
2026-08-26T15:35:13.5181509Z 	at io.netty.channel.nio.NioEventLoop.run(NioEventLoop.java:562) ~[netty-transport-4.1.132.Final.jar!/:4.1.132.Final]
2026-08-26T15:35:13.5181533Z 	at io.netty.util.concurrent.SingleThreadEventExecutor$4.run(SingleThreadEventExecutor.java:998) ~[netty-common-4.1.132.Final.jar!/:4.1.132.Final]
2026-08-26T15:35:13.5181573Z 	at io.netty.util.internal.ThreadExecutorMap$2.run(ThreadExecutorMap.java:74) ~[netty-common-4.1.132.Final.jar!/:4.1.132.Final]
2026-08-26T15:35:13.5181597Z 	at io.netty.util.concurrent.FastThreadLocalRunnable.run(FastThreadLocalRunnable.java:30) ~[netty-common-4.1.132.Final.jar!/:4.1.132.Final]
2026-08-26T15:35:13.5181616Z 	... 1 common frames omitted
2026-08-26T15:35:13.5181639Z Caused by: javax.net.ssl.SSLHandshakeException: (certificate_unknown) No subject alternative names matching IP address 4.186.51.80 found
2026-08-26T15:35:13.5181659Z 	at java.base/sun.security.ssl.Alert.createSSLException(Unknown Source) ~[na:na]
2026-08-26T15:35:13.5181680Z 	at java.base/sun.security.ssl.TransportContext.fatal(Unknown Source) ~[na:na]
2026-08-26T15:35:13.5181700Z 	at java.base/sun.security.ssl.TransportContext.fatal(Unknown Source) ~[na:na]
2026-08-26T15:35:13.5181720Z 	at java.base/sun.security.ssl.TransportContext.fatal(Unknown Source) ~[na:na]
2026-08-26T15:35:13.5181742Z 	at java.base/sun.security.ssl.CertificateMessage$T13CertificateConsumer.checkServerCerts(Unknown Source) ~[na:na]
2026-08-26T15:35:13.5181765Z 	at java.base/sun.security.ssl.CertificateMessage$T13CertificateConsumer.onConsumeCertificate(Unknown Source) ~[na:na]
2026-08-26T15:35:13.5181787Z 	at java.base/sun.security.ssl.CertificateMessage$T13CertificateConsumer.consume(Unknown Source) ~[na:na]
2026-08-26T15:35:13.5181867Z 	at java.base/sun.security.ssl.SSLHandshake.consume(Unknown Source) ~[na:na]
2026-08-26T15:35:13.5181890Z 	at java.base/sun.security.ssl.HandshakeContext.dispatch(Unknown Source) ~[na:na]
2026-08-26T15:35:13.5181912Z 	at java.base/sun.security.ssl.SSLEngineImpl$DelegatedTask$DelegatedAction.run(Unknown Source) ~[na:na]
2026-08-26T15:35:13.5181934Z 	at java.base/sun.security.ssl.SSLEngineImpl$DelegatedTask$DelegatedAction.run(Unknown Source) ~[na:na]
2026-08-26T15:35:13.5181955Z 	at java.base/java.security.AccessController.doPrivileged(Unknown Source) ~[na:na]
2026-08-26T15:35:13.5181975Z 	at java.base/sun.security.ssl.SSLEngineImpl$DelegatedTask.run(Unknown Source) ~[na:na]
2026-08-26T15:35:13.5181998Z 	at io.netty.handler.ssl.SslHandler.runDelegatedTasks(SslHandler.java:1695) ~[netty-handler-4.1.132.Final.jar!/:4.1.132.Final]
2026-08-26T15:35:13.5182020Z 	at io.netty.handler.ssl.SslHandler.unwrap(SslHandler.java:1541) ~[netty-handler-4.1.132.Final.jar!/:4.1.132.Final]
2026-08-26T15:35:13.5182043Z 	at io.netty.handler.ssl.SslHandler.decodeJdkCompatible(SslHandler.java:1377) ~[netty-handler-4.1.132.Final.jar!/:4.1.132.Final]
2026-08-26T15:35:13.5182061Z 	... 20 common frames omitted
2026-08-26T15:35:13.5182084Z Caused by: java.security.cert.CertificateException: No subject alternative names matching IP address 4.186.51.80 found
2026-08-26T15:35:13.5182104Z 	at java.base/sun.security.util.HostnameChecker.matchIP(Unknown Source) ~[na:na]
2026-08-26T15:35:13.5182153Z 	at java.base/sun.security.util.HostnameChecker.match(Unknown Source) ~[na:na]
2026-08-26T15:35:13.5182175Z 	at java.base/sun.security.ssl.X509TrustManagerImpl.checkIdentity(Unknown Source) ~[na:na]
2026-08-26T15:35:13.5182195Z 	at java.base/sun.security.ssl.X509TrustManagerImpl.checkIdentity(Unknown Source) ~[na:na]
2026-08-26T15:35:13.5182216Z 	at java.base/sun.security.ssl.X509TrustManagerImpl.checkTrusted(Unknown Source) ~[na:na]
2026-08-26T15:35:13.5182238Z 	at java.base/sun.security.ssl.X509TrustManagerImpl.checkServerTrusted(Unknown Source) ~[na:na]
2026-08-26T15:35:13.5182255Z 	... 32 common frames omitted
2026-08-26T15:35:13.5182428Z 
