2026-08-26T11:41:38.9390391Z     __ __          __      __    _ __     
2026-08-26T11:41:38.9391958Z    / //_/_  _ ____/ /_  __/ /   (_) /____ 
2026-08-26T11:41:38.9392075Z   / ,< / / / / __  / / / / /   / / __/ _  
2026-08-26T11:41:38.9392102Z  / /| / /_/ / /_/ / /_/ / /___/ / /_/  __/
2026-08-26T11:41:38.9392128Z /_/ |_\__,_/\__,_/\__,_/_____/_/\__/\___/ 
2026-08-26T11:41:38.9392155Z 
2026-08-26T11:41:38.9392194Z                                           
2026-08-26T11:41:38.9392217Z DEBUG CONSOLE | AZURE APP SERVICE ON LINUX
2026-08-26T11:41:38.9392240Z 
2026-08-26T11:41:38.9392266Z Documentation: http://aka.ms/webapp-linux
2026-08-26T11:41:38.9392310Z Kudu Version : 20260710.3
2026-08-26T11:41:38.9392337Z Commit       : f09ba6e4cd2a50b20288bb2826f1ee5db6192e4f
2026-08-26T11:41:38.9392362Z Instance Name: lw1sdlwk0001MF
2026-08-26T11:41:38.9392393Z Instance Id  : 0a184a42f63f854624677eac4fe6096657d5fd8b1ed90d8b071ced320e33f600
2026-08-26T11:41:38.9392417Z 
2026-08-26T11:41:40.0181812Z chown: changing ownership of '/temp': Operation not permitted
2026-08-26T11:41:40.0430013Z chmod: changing permissions of '/temp': Operation not permitted
2026-08-26T11:41:41.3992792Z Restarting OpenBSD Secure Shell server: sshd.
2026-08-26T11:41:41.7821733Z node not running, starting node /opt/webssh/index.js
2026-08-26T11:41:56.0398720Z Wed Aug 26 11:41:56 UTC 2026 running .net core
2026-08-26T11:41:58.3300978Z Startup : 11.41.58.272842
2026-08-26T11:41:58.4177361Z Configure Services : 11.41.58.417402
2026-08-26T11:41:59.2111235Z Configure : 11.41.59.210936
2026-08-26T11:41:59.7508509Z Setting Up Routes : 11.41.59.750632
2026-08-26T11:41:59.7989400Z Exiting Configure : 11.41.59.798727
2026-08-26T11:41:59.9241914Z warn: Microsoft.AspNetCore.DataProtection.KeyManagement.XmlKeyManager[35]
2026-08-26T11:41:59.9242675Z       No XML encryptor configured. Key {14f74917-9912-4d14-b730-a208891684e5} may be persisted to storage in unencrypted form.
2026-08-26T11:42:00.1741900Z Hosting environment: Production
2026-08-26T11:42:00.1750342Z Content root path: /opt/Kudu
2026-08-26T11:42:00.1753643Z Now listening on: http://0.0.0.0:8181
2026-08-26T11:42:00.1754448Z Application started. Press Ctrl+C to shut down.
2026-08-26T12:50:39.2591190Z     __ __          __      __    _ __     
2026-08-26T12:50:39.3142788Z    / //_/_  _ ____/ /_  __/ /   (_) /____ 
2026-08-26T12:50:39.3142986Z   / ,< / / / / __  / / / / /   / / __/ _  
2026-08-26T12:50:39.3143050Z  / /| / /_/ / /_/ / /_/ / /___/ / /_/  __/
2026-08-26T12:50:39.3143074Z /_/ |_\__,_/\__,_/\__,_/_____/_/\__/\___/ 
2026-08-26T12:50:39.3143096Z 
2026-08-26T12:50:39.3143139Z                                           
2026-08-26T12:50:39.3143163Z DEBUG CONSOLE | AZURE APP SERVICE ON LINUX
2026-08-26T12:50:39.3143182Z 
2026-08-26T12:50:39.3143206Z Documentation: http://aka.ms/webapp-linux
2026-08-26T12:50:39.3143232Z Kudu Version : 20260710.3
2026-08-26T12:50:39.3143276Z Commit       : f09ba6e4cd2a50b20288bb2826f1ee5db6192e4f
2026-08-26T12:50:39.3143300Z Instance Name: lw1sdlwk0001MF
2026-08-26T12:50:39.3143336Z Instance Id  : 0a184a42f63f854624677eac4fe6096657d5fd8b1ed90d8b071ced320e33f600
2026-08-26T12:50:39.3143356Z 
2026-08-26T12:50:40.0659005Z chown: changing ownership of '/temp': Operation not permitted
2026-08-26T12:50:40.1420328Z chmod: changing permissions of '/temp': Operation not permitted
2026-08-26T12:50:45.9475804Z Restarting OpenBSD Secure Shell server: sshd.
2026-08-26T12:50:46.2564558Z node not running, starting node /opt/webssh/index.js
2026-08-26T12:50:59.0268161Z Wed Aug 26 12:50:58 UTC 2026 running .net core
2026-08-26T12:51:00.6984091Z Startup : 12.51.00.642247
2026-08-26T12:51:00.7654539Z Configure Services : 12.51.00.765204
2026-08-26T12:51:01.6529018Z Configure : 12.51.01.652691
2026-08-26T12:51:02.4947768Z Setting Up Routes : 12.51.02.494559
2026-08-26T12:51:02.5717802Z Exiting Configure : 12.51.02.566064
2026-08-26T12:51:02.8746164Z Hosting environment: Production
2026-08-26T12:51:02.8827001Z Content root path: /opt/Kudu
2026-08-26T12:51:02.8841212Z Now listening on: http://0.0.0.0:8181
2026-08-26T12:51:02.8911708Z Application started. Press Ctrl+C to shut down.
2026-08-26T12:54:24.7656541Z     __ __          __      __    _ __     
2026-08-26T12:54:24.7658307Z    / //_/_  _ ____/ /_  __/ /   (_) /____ 
2026-08-26T12:54:24.7658373Z   / ,< / / / / __  / / / / /   / / __/ _  
2026-08-26T12:54:24.7658397Z  / /| / /_/ / /_/ / /_/ / /___/ / /_/  __/
2026-08-26T12:54:24.7658427Z /_/ |_\__,_/\__,_/\__,_/_____/_/\__/\___/ 
2026-08-26T12:54:24.7658524Z 
2026-08-26T12:54:24.7658562Z                                           
2026-08-26T12:54:24.7658584Z DEBUG CONSOLE | AZURE APP SERVICE ON LINUX
2026-08-26T12:54:24.7658605Z 
2026-08-26T12:54:24.7658630Z Documentation: http://aka.ms/webapp-linux
2026-08-26T12:54:24.7658654Z Kudu Version : 20260710.3
2026-08-26T12:54:24.7658680Z Commit       : f09ba6e4cd2a50b20288bb2826f1ee5db6192e4f
2026-08-26T12:54:24.7658703Z Instance Name: lw1sdlwk0001MF
2026-08-26T12:54:24.7658757Z Instance Id  : 0a184a42f63f854624677eac4fe6096657d5fd8b1ed90d8b071ced320e33f600
2026-08-26T12:54:24.7658779Z 
2026-08-26T12:54:25.5838964Z chown: changing ownership of '/temp': Operation not permitted
2026-08-26T12:54:25.6116899Z chmod: changing permissions of '/temp': Operation not permitted
2026-08-26T12:54:28.9660091Z Restarting OpenBSD Secure Shell server: sshd.
2026-08-26T12:54:29.1667604Z node not running, starting node /opt/webssh/index.js
2026-08-26T12:54:40.3425605Z Wed Aug 26 12:54:40 UTC 2026 running .net core
2026-08-26T12:54:41.3019019Z Startup : 12.54.41.282709
2026-08-26T12:54:41.3301614Z Configure Services : 12.54.41.329780
2026-08-26T12:54:41.8155335Z Configure : 12.54.41.815290
2026-08-26T12:54:42.3638010Z Setting Up Routes : 12.54.42.363608
2026-08-26T12:54:42.4148350Z Exiting Configure : 12.54.42.414611
2026-08-26T12:54:42.6736317Z Hosting environment: Production
2026-08-26T12:54:42.6747928Z Content root path: /opt/Kudu
2026-08-26T12:54:42.6768654Z Now listening on: http://0.0.0.0:8181
2026-08-26T12:54:42.6835510Z Application started. Press Ctrl+C to shut down.
2026-08-26T13:16:57.1723958Z     __ __          __      __    _ __     
2026-08-26T13:16:57.1792131Z    / //_/_  _ ____/ /_  __/ /   (_) /____ 
2026-08-26T13:16:57.1792338Z   / ,< / / / / __  / / / / /   / / __/ _  
2026-08-26T13:16:57.1792375Z  / /| / /_/ / /_/ / /_/ / /___/ / /_/  __/
2026-08-26T13:16:57.1792404Z /_/ |_\__,_/\__,_/\__,_/_____/_/\__/\___/ 
2026-08-26T13:16:57.1792430Z 
2026-08-26T13:16:57.1792469Z                                           
2026-08-26T13:16:57.1792719Z DEBUG CONSOLE | AZURE APP SERVICE ON LINUX
2026-08-26T13:16:57.1792743Z 
2026-08-26T13:16:57.1792767Z Documentation: http://aka.ms/webapp-linux
2026-08-26T13:16:57.1792792Z Kudu Version : 20260710.3
2026-08-26T13:16:57.1792815Z Commit       : f09ba6e4cd2a50b20288bb2826f1ee5db6192e4f
2026-08-26T13:16:57.1792838Z Instance Name: lw1sdlwk0001MF
2026-08-26T13:16:57.1792868Z Instance Id  : 0a184a42f63f854624677eac4fe6096657d5fd8b1ed90d8b071ced320e33f600
2026-08-26T13:16:57.1792888Z 
2026-08-26T13:16:57.6323335Z chown: changing ownership of '/temp': Operation not permitted
2026-08-26T13:16:57.6438909Z chmod: changing permissions of '/temp': Operation not permitted
2026-08-26T13:17:01.0028724Z Restarting OpenBSD Secure Shell server: sshd.
2026-08-26T13:17:01.1779758Z node not running, starting node /opt/webssh/index.js
2026-08-26T13:17:39.0547252Z Wed Aug 26 13:17:38 UTC 2026 running .net core
2026-08-26T13:17:51.2889286Z Startup : 01.17.51.186556
2026-08-26T13:17:51.6226948Z Configure Services : 01.17.51.621919
2026-08-26T13:17:57.1636751Z Configure : 01.17.57.153538
2026-08-26T13:18:03.5329652Z Setting Up Routes : 01.18.03.524579
2026-08-26T13:18:04.3056319Z Exiting Configure : 01.18.04.296565
2026-08-26T13:18:07.4214829Z Hosting environment: Production
2026-08-26T13:18:07.4221981Z Content root path: /opt/Kudu
2026-08-26T13:18:07.4473537Z Now listening on: http://0.0.0.0:8181
2026-08-26T13:18:07.4482593Z Application started. Press Ctrl+C to shut down.
2026-08-26T13:25:48.0401999Z     __ __          __      __    _ __     
2026-08-26T13:25:48.0403644Z    / //_/_  _ ____/ /_  __/ /   (_) /____ 
2026-08-26T13:25:48.0403857Z   / ,< / / / / __  / / / / /   / / __/ _  
2026-08-26T13:25:48.0403947Z  / /| / /_/ / /_/ / /_/ / /___/ / /_/  __/
2026-08-26T13:25:48.0403971Z /_/ |_\__,_/\__,_/\__,_/_____/_/\__/\___/ 
2026-08-26T13:25:48.0403997Z 
2026-08-26T13:25:48.0404034Z                                           
2026-08-26T13:25:48.0404058Z DEBUG CONSOLE | AZURE APP SERVICE ON LINUX
2026-08-26T13:25:48.0404077Z 
2026-08-26T13:25:48.0404102Z Documentation: http://aka.ms/webapp-linux
2026-08-26T13:25:48.0404125Z Kudu Version : 20260710.3
2026-08-26T13:25:48.0404150Z Commit       : f09ba6e4cd2a50b20288bb2826f1ee5db6192e4f
2026-08-26T13:25:48.0404405Z Instance Name: lw1sdlwk0001MF
2026-08-26T13:25:48.0404434Z Instance Id  : 0a184a42f63f854624677eac4fe6096657d5fd8b1ed90d8b071ced320e33f600
2026-08-26T13:25:48.0404453Z 
2026-08-26T13:25:48.4052919Z chown: changing ownership of '/temp': Operation not permitted
2026-08-26T13:25:48.4325261Z chmod: changing permissions of '/temp': Operation not permitted
2026-08-26T13:25:50.5377048Z Restarting OpenBSD Secure Shell server: sshd.
2026-08-26T13:25:50.6704752Z node not running, starting node /opt/webssh/index.js
2026-08-26T13:26:00.9633054Z Wed Aug 26 13:26:00 UTC 2026 running .net core
2026-08-26T13:26:02.4942587Z Startup : 01.26.02.447909
2026-08-26T13:26:02.5713353Z Configure Services : 01.26.02.571047
2026-08-26T13:26:04.0739315Z Configure : 01.26.04.073690
2026-08-26T13:26:05.5914793Z Setting Up Routes : 01.26.05.591286
2026-08-26T13:26:05.6303073Z Exiting Configure : 01.26.05.630107
2026-08-26T13:26:05.8394990Z Hosting environment: Production
2026-08-26T13:26:05.8418523Z Content root path: /opt/Kudu
2026-08-26T13:26:05.8491724Z Now listening on: http://0.0.0.0:8181
2026-08-26T13:26:05.8495350Z Application started. Press Ctrl+C to shut down.
2026-08-26T13:26:37.5535203Z     __ __          __      __    _ __     
2026-08-26T13:26:37.5536505Z    / //_/_  _ ____/ /_  __/ /   (_) /____ 
2026-08-26T13:26:37.5536560Z   / ,< / / / / __  / / / / /   / / __/ _  
2026-08-26T13:26:37.5536623Z  / /| / /_/ / /_/ / /_/ / /___/ / /_/  __/
2026-08-26T13:26:37.5536649Z /_/ |_\__,_/\__,_/\__,_/_____/_/\__/\___/ 
2026-08-26T13:26:37.5536674Z 
2026-08-26T13:26:37.5536706Z                                           
2026-08-26T13:26:37.5536729Z DEBUG CONSOLE | AZURE APP SERVICE ON LINUX
2026-08-26T13:26:37.5536749Z 
2026-08-26T13:26:37.5536774Z Documentation: http://aka.ms/webapp-linux
2026-08-26T13:26:37.5536797Z Kudu Version : 20260710.3
2026-08-26T13:26:37.5536980Z Commit       : f09ba6e4cd2a50b20288bb2826f1ee5db6192e4f
2026-08-26T13:26:37.5537022Z Instance Name: lw1sdlwk0001MF
2026-08-26T13:26:37.5537051Z Instance Id  : 0a184a42f63f854624677eac4fe6096657d5fd8b1ed90d8b071ced320e33f600
2026-08-26T13:26:37.5539461Z 
2026-08-26T13:26:38.1603944Z chown: changing ownership of '/temp': Operation not permitted
2026-08-26T13:26:38.1992886Z chmod: changing permissions of '/temp': Operation not permitted
2026-08-26T13:26:40.3105637Z Restarting OpenBSD Secure Shell server: sshd.
2026-08-26T13:26:40.4444406Z node not running, starting node /opt/webssh/index.js
2026-08-26T13:26:50.6127172Z Wed Aug 26 13:26:50 UTC 2026 running .net core
2026-08-26T13:26:51.6358502Z Startup : 01.26.51.618133
2026-08-26T13:26:51.6565252Z Configure Services : 01.26.51.656325
2026-08-26T13:26:52.0812048Z Configure : 01.26.52.081028
2026-08-26T13:26:52.5917521Z Setting Up Routes : 01.26.52.591507
2026-08-26T13:26:52.6298323Z Exiting Configure : 01.26.52.629654
2026-08-26T13:26:52.9005494Z Hosting environment: Production
2026-08-26T13:26:52.9020857Z Content root path: /opt/Kudu
2026-08-26T13:26:52.9087399Z Now listening on: http://0.0.0.0:8181
2026-08-26T13:26:52.9087534Z Application started. Press Ctrl+C to shut down.
2026-08-26T13:29:29.0034609Z     __ __          __      __    _ __     
2026-08-26T13:29:29.0036122Z    / //_/_  _ ____/ /_  __/ /   (_) /____ 
2026-08-26T13:29:29.0036182Z   / ,< / / / / __  / / / / /   / / __/ _  
2026-08-26T13:29:29.0036256Z  / /| / /_/ / /_/ / /_/ / /___/ / /_/  __/
2026-08-26T13:29:29.0036279Z /_/ |_\__,_/\__,_/\__,_/_____/_/\__/\___/ 
2026-08-26T13:29:29.0036304Z 
2026-08-26T13:29:29.0036337Z                                           
2026-08-26T13:29:29.0036522Z DEBUG CONSOLE | AZURE APP SERVICE ON LINUX
2026-08-26T13:29:29.0036541Z 
2026-08-26T13:29:29.0036566Z Documentation: http://aka.ms/webapp-linux
2026-08-26T13:29:29.0036589Z Kudu Version : 20260710.3
2026-08-26T13:29:29.0036632Z Commit       : f09ba6e4cd2a50b20288bb2826f1ee5db6192e4f
2026-08-26T13:29:29.0036655Z Instance Name: lw1sdlwk0001MF
2026-08-26T13:29:29.0036681Z Instance Id  : 0a184a42f63f854624677eac4fe6096657d5fd8b1ed90d8b071ced320e33f600
2026-08-26T13:29:29.0036703Z 
2026-08-26T13:29:29.6329853Z chown: changing ownership of '/temp': Operation not permitted
2026-08-26T13:29:29.7218096Z chmod: changing permissions of '/temp': Operation not permitted
2026-08-26T13:29:30.9621693Z Restarting OpenBSD Secure Shell server: sshd.
2026-08-26T13:29:31.0985017Z node not running, starting node /opt/webssh/index.js
2026-08-26T13:29:41.2553383Z Wed Aug 26 13:29:41 UTC 2026 running .net core
2026-08-26T13:29:42.3014596Z Startup : 01.29.42.282242
2026-08-26T13:29:42.3287604Z Configure Services : 01.29.42.328565
2026-08-26T13:29:42.7759030Z Configure : 01.29.42.775733
2026-08-26T13:29:43.3799119Z Setting Up Routes : 01.29.43.379650
2026-08-26T13:29:43.4180372Z Exiting Configure : 01.29.43.417793
2026-08-26T13:29:43.7397452Z Hosting environment: Production
2026-08-26T13:29:43.7483075Z Content root path: /opt/Kudu
2026-08-26T13:29:43.7483306Z Now listening on: http://0.0.0.0:8181
2026-08-26T13:29:43.7483349Z Application started. Press Ctrl+C to shut down.
2026-08-26T13:33:49.9450642Z     __ __          __      __    _ __     
2026-08-26T13:33:49.9452185Z    / //_/_  _ ____/ /_  __/ /   (_) /____ 
2026-08-26T13:33:49.9452315Z   / ,< / / / / __  / / / / /   / / __/ _  
2026-08-26T13:33:49.9452340Z  / /| / /_/ / /_/ / /_/ / /___/ / /_/  __/
2026-08-26T13:33:49.9452362Z /_/ |_\__,_/\__,_/\__,_/_____/_/\__/\___/ 
2026-08-26T13:33:49.9452385Z 
2026-08-26T13:33:49.9452418Z                                           
2026-08-26T13:33:49.9452441Z DEBUG CONSOLE | AZURE APP SERVICE ON LINUX
2026-08-26T13:33:49.9452459Z 
2026-08-26T13:33:49.9452483Z Documentation: http://aka.ms/webapp-linux
2026-08-26T13:33:49.9452505Z Kudu Version : 20260710.3
2026-08-26T13:33:49.9452557Z Commit       : f09ba6e4cd2a50b20288bb2826f1ee5db6192e4f
2026-08-26T13:33:49.9452579Z Instance Name: lw1sdlwk0001MF
2026-08-26T13:33:49.9452604Z Instance Id  : 0a184a42f63f854624677eac4fe6096657d5fd8b1ed90d8b071ced320e33f600
2026-08-26T13:33:49.9452623Z 
2026-08-26T13:33:50.7548625Z chown: changing ownership of '/temp': Operation not permitted
2026-08-26T13:33:50.7762219Z chmod: changing permissions of '/temp': Operation not permitted
2026-08-26T13:33:54.1726946Z Restarting OpenBSD Secure Shell server: sshd.
2026-08-26T13:33:54.3063676Z node not running, starting node /opt/webssh/index.js
2026-08-26T13:34:10.9100448Z Wed Aug 26 13:34:10 UTC 2026 running .net core
2026-08-26T13:34:12.2139659Z Startup : 01.34.12.192278
2026-08-26T13:34:12.2321301Z Configure Services : 01.34.12.231917
2026-08-26T13:34:12.8504887Z Configure : 01.34.12.850233
2026-08-26T13:34:13.3705088Z Setting Up Routes : 01.34.13.370234
2026-08-26T13:34:13.4173747Z Exiting Configure : 01.34.13.417164
2026-08-26T13:34:13.6223790Z Hosting environment: Production
2026-08-26T13:34:13.6295323Z Content root path: /opt/Kudu
2026-08-26T13:34:13.6312641Z Now listening on: http://0.0.0.0:8181
2026-08-26T13:34:13.6321487Z Application started. Press Ctrl+C to shut down.
2026-08-26T13:38:36.7361822Z     __ __          __      __    _ __     
2026-08-26T13:38:36.7363635Z    / //_/_  _ ____/ /_  __/ /   (_) /____ 
2026-08-26T13:38:36.7363693Z   / ,< / / / / __  / / / / /   / / __/ _  
2026-08-26T13:38:36.7363718Z  / /| / /_/ / /_/ / /_/ / /___/ / /_/  __/
2026-08-26T13:38:36.7363957Z /_/ |_\__,_/\__,_/\__,_/_____/_/\__/\___/ 
2026-08-26T13:38:36.7363991Z 
2026-08-26T13:38:36.7364030Z                                           
2026-08-26T13:38:36.7364051Z DEBUG CONSOLE | AZURE APP SERVICE ON LINUX
2026-08-26T13:38:36.7364070Z 
2026-08-26T13:38:36.7364094Z Documentation: http://aka.ms/webapp-linux
2026-08-26T13:38:36.7364117Z Kudu Version : 20260710.3
2026-08-26T13:38:36.7364140Z Commit       : f09ba6e4cd2a50b20288bb2826f1ee5db6192e4f
2026-08-26T13:38:36.7364163Z Instance Name: lw1sdlwk0001MF
2026-08-26T13:38:36.7364210Z Instance Id  : 0a184a42f63f854624677eac4fe6096657d5fd8b1ed90d8b071ced320e33f600
2026-08-26T13:38:36.7364231Z 
2026-08-26T13:38:37.2043814Z chown: changing ownership of '/temp': Operation not permitted
2026-08-26T13:38:37.2230430Z chmod: changing permissions of '/temp': Operation not permitted
2026-08-26T13:38:39.2533592Z Restarting OpenBSD Secure Shell server: sshd.
2026-08-26T13:38:39.4313638Z node not running, starting node /opt/webssh/index.js
2026-08-26T13:38:49.6023609Z Wed Aug 26 13:38:49 UTC 2026 running .net core
2026-08-26T13:38:50.5914866Z Startup : 01.38.50.562578
2026-08-26T13:38:50.7030498Z Configure Services : 01.38.50.702791
2026-08-26T13:38:51.8957327Z Configure : 01.38.51.895562
2026-08-26T13:38:52.7953219Z Setting Up Routes : 01.38.52.795054
2026-08-26T13:38:52.9024827Z Exiting Configure : 01.38.52.902268
2026-08-26T13:38:53.3972101Z Hosting environment: Production
2026-08-26T13:38:53.4054765Z Content root path: /opt/Kudu
2026-08-26T13:38:53.4068273Z Now listening on: http://0.0.0.0:8181
2026-08-26T13:38:53.4134246Z Application started. Press Ctrl+C to shut down.
